{
    "schema":  1,
    "trialId":  "CP-MINIMAL-V4-STOCK-NS-001",
    "execute":  true,
    "validated":  true,
    "candidatePackageSha256":  "50f17bd74d3b5aafb4f48507ad926b2f003255db55d463117a23bc2890206cda",
    "candidateManifestSha256":  "a200746e4887f2106390f3e3e421bdcbcab247e7dd5b0ccec69627d277649949",
    "stockPackageSha256":  "a460d4560215f2efe003c136244b78ea3415d773824d7a688ea9ded36dbe9145",
    "stockProductCode":  "{020F8AC8-A788-4E39-8E9B-8FECFA843632}",
    "candidateProductCode":  "{929334FC-D0AF-423B-A33D-0068D4AC506B}",
    "processTimeoutSeconds":  45,
    "shutdownTimeoutSeconds":  30,
    "recoveryBaseline":  "CP-STOCK-2.7.12-003",
    "note":  "Fixture-local exact transaction only; transport, extraction, and ledger finalization remain external prerequisites."
}
{
    "schema":  1,
    "action":  "wsl-candidate-probe",
    "execute":  true,
    "safe":  false,
    "trialId":  "CP-MINIMAL-V4-STOCK-NS-001",
    "candidateId":  "minimal-v4-stock-ns",
    "distribution":  "Toybox-Minimal",
    "expectedWslVersion":  "2.7.12.0",
    "candidateManifest":  "C:\\controlled-inputs\\ultra-minimal-wsl\\trial-manifests\\minimal-v4-stock-ns.json",
    "expectedCandidateManifestSha256":  "a200746e4887f2106390f3e3e421bdcbcab247e7dd5b0ccec69627d277649949",
    "package":  "C:\\controlled-inputs\\ultra-minimal-wsl\\candidate-packages\\minimal-v4-stock-ns\\wsl.msi",
    "expectedPackageSha256":  "50f17bd74d3b5aafb4f48507ad926b2f003255db55d463117a23bc2890206cda",
    "probe":  "C:\\controlled-inputs\\ultra-minimal-wsl\\procedure\\Invoke-WslCandidateProbe.ps1",
    "expectedProbeSha256":  "424b0d4f26cef5c717a4805b2577feebf6973de4656778d7800474aad1bf4ebb",
    "rootfs":  "C:\\controlled-inputs\\ultra-minimal-wsl\\toybox-minimal-wsl-rootfs.tar.gz",
    "expectedRootfsSha256":  "a8e81e6d29eac6afa7b9438916df3db00de6f833faf8ab8dfaed482bb9a16fa4",
    "wprProfile":  "C:\\controlled-inputs\\ultra-minimal-wsl\\diagnostics\\wsl.wprp",
    "expectedWprProfileSha256":  "3f829a9af733d6dce9454a1df2e2aa07096acaaed5b6865ffb5c202d089479f2",
    "evidenceRoot":  "C:\\controlled-wsl-trials\\CP-MINIMAL-V4-STOCK-NS-001",
    "timeoutSeconds":  45,
    "debugConsoleCapture":  "disabled-for-fixed-comparison",
    "commands":  [
                     "wsl.exe --version",
                     "wsl.exe --status",
                     "wsl.exe --list --quiet",
                     "wsl.exe --distribution Toybox-Minimal --exec /bin/sh -c \"test -r /proc/self/status \u0026\u0026 test -d /sys \u0026\u0026 test -c /dev/null \u0026\u0026 printf toybox-ok\""
                 ],
    "note":  "Candidate measurement only. Fixture start, transport, package installation, evidence extraction, ledger append, and recovery are external preconditions and must not affect candidate classification."
}
{
    "schema":  1,
    "action":  "wsl-candidate-probe",
    "execute":  true,
    "safe":  false,
    "trialId":  "CP-MINIMAL-V4-STOCK-NS-001-RECOVERY",
    "candidateId":  "stock-wsl-2.7.12-recovery",
    "distribution":  "Toybox-Minimal",
    "expectedWslVersion":  "2.7.12.0",
    "candidateManifest":  "C:\\controlled-inputs\\ultra-minimal-wsl\\trial-manifests\\stock-wsl-2.7.12-calibration.json",
    "expectedCandidateManifestSha256":  "a7e6b7899d97797e6e5d9b4f5e7de22f6e8aef4c338405530f93004fc30075d7",
    "package":  "C:\\controlled-inputs\\ultra-minimal-wsl\\stock-wsl\\wsl.2.7.12.0.x64.msi",
    "expectedPackageSha256":  "a460d4560215f2efe003c136244b78ea3415d773824d7a688ea9ded36dbe9145",
    "probe":  "C:\\controlled-inputs\\ultra-minimal-wsl\\procedure\\Invoke-WslCandidateProbe.ps1",
    "expectedProbeSha256":  "424b0d4f26cef5c717a4805b2577feebf6973de4656778d7800474aad1bf4ebb",
    "rootfs":  "C:\\controlled-inputs\\ultra-minimal-wsl\\toybox-minimal-wsl-rootfs.tar.gz",
    "expectedRootfsSha256":  "a8e81e6d29eac6afa7b9438916df3db00de6f833faf8ab8dfaed482bb9a16fa4",
    "wprProfile":  "C:\\controlled-inputs\\ultra-minimal-wsl\\diagnostics\\wsl.wprp",
    "expectedWprProfileSha256":  "3f829a9af733d6dce9454a1df2e2aa07096acaaed5b6865ffb5c202d089479f2",
    "evidenceRoot":  "C:\\controlled-wsl-trials\\CP-MINIMAL-V4-STOCK-NS-001-RECOVERY",
    "timeoutSeconds":  45,
    "debugConsoleCapture":  "disabled-for-fixed-comparison",
    "commands":  [
                     "wsl.exe --version",
                     "wsl.exe --status",
                     "wsl.exe --list --quiet",
                     "wsl.exe --distribution Toybox-Minimal --exec /bin/sh -c \"test -r /proc/self/status \u0026\u0026 test -d /sys \u0026\u0026 test -c /dev/null \u0026\u0026 printf toybox-ok\""
                 ],
    "note":  "Candidate measurement only. Fixture start, transport, package installation, evidence extraction, ledger append, and recovery are external preconditions and must not affect candidate classification."
}
