Cloning into '/home/jack/.local/share/chezmoi'...
hint: Using 'master' as the name for the initial branch. This default branch name
hint: is subject to change. To configure the initial branch name to use in all
hint: of your new repositories, which will suppress this warning, call:
hint:
hint: 	git config --global init.defaultBranch <name>
hint:
hint: Names commonly chosen instead of 'master' are 'main', 'trunk' and
hint: 'development'. The just-created branch can be renamed via this command:
hint:
hint: 	git branch -m <name>
HEAD is now at 05710ea Close out WSL backup Phase 3 integration
Switched to branch 'main'
Cloning into '/home/jack/git/agent-skills'...
hint: Using 'master' as the name for the initial branch. This default branch name
hint: is subject to change. To configure the initial branch name to use in all
hint: of your new repositories, which will suppress this warning, call:
hint:
hint: 	git config --global init.defaultBranch <name>
hint:
hint: Names commonly chosen instead of 'master' are 'main', 'trunk' and
hint: 'development'. The just-created branch can be renamed via this command:
hint:
hint: 	git branch -m <name>
HEAD is now at 4dd2f4b Flag stale portfolio assessments
Switched to branch 'main'
Cloning into '/home/jack/git/ak'...
hint: Using 'master' as the name for the initial branch. This default branch name
hint: is subject to change. To configure the initial branch name to use in all
hint: of your new repositories, which will suppress this warning, call:
hint:
hint: 	git config --global init.defaultBranch <name>
hint:
hint: Names commonly chosen instead of 'master' are 'main', 'trunk' and
hint: 'development'. The just-created branch can be renamed via this command:
hint:
hint: 	git branch -m <name>
HEAD is now at 7c53208 Update canonical checkout path
Switched to branch 'main'
Cloning into '/home/jack/tools'...
hint: Using 'master' as the name for the initial branch. This default branch name
hint: is subject to change. To configure the initial branch name to use in all
hint: of your new repositories, which will suppress this warning, call:
hint:
hint: 	git config --global init.defaultBranch <name>
hint:
hint: Names commonly chosen instead of 'master' are 'main', 'trunk' and
hint: 'development'. The just-created branch can be renamed via this command:
hint:
hint: 	git branch -m <name>
HEAD is now at 42c1089 Add local web reference archive
Switched to branch 'main'
error: Can't create the symlink for multishells at "/run/user/0/fnm_multishells/1459_1788454512059". Maybe there are some issues with permissions for the directory? Permission denied (os error 13)
error: We can't find the necessary environment variables to replace the Node version.
You should setup your shell profile to evaluate `fnm env`, see https://github.com/Schniz/fnm#shell-setup on how to do this
Check out our documentation for more information: https://fnm.vercel.app
