c[?7l[2J[0mSeaBIOS (version 1.16.3-debian-1.16.3-2)


iPXE (https://ipxe.org) 00:03.0 CA00 PCI2.10 PnP PMM+0EFC6D30+0EF06D30 CA00
Press Ctrl-B to configure iPXE (PCI 00:03.0)...                                                                               


Booting from ROM...
c[?7l[2JLinux version 6.18.40.1+ (root@black) (x86_64-linux-musl-gcc (GCC) 15.1.0, GNU ld (GNU Binutils) 2.44) #1 Mon Aug 17 22:21:47 BST 2026
Command line: HOST=x86_64 console=ttyS0 
BIOS-provided physical RAM map:
BIOS-e820: [mem 0x0000000000000000-0x000000000009fbff] usable
BIOS-e820: [mem 0x000000000009fc00-0x000000000009ffff] reserved
BIOS-e820: [mem 0x00000000000f0000-0x00000000000fffff] reserved
BIOS-e820: [mem 0x0000000000100000-0x000000000ffdffff] usable
BIOS-e820: [mem 0x000000000ffe0000-0x000000000fffffff] reserved
BIOS-e820: [mem 0x00000000fffc0000-0x00000000ffffffff] reserved
BIOS-e820: [mem 0x000000fd00000000-0x000000ffffffffff] reserved
NX (Execute Disable) protection: active
APIC: Static calls initialized
SMBIOS 2.8 present.
DMI: QEMU Standard PC (i440FX + PIIX, 1996), BIOS 1.16.3-debian-1.16.3-2 04/01/2014
DMI: Memory slots populated: 1/1
last_pfn = 0xffe0 max_arch_pfn = 0x400000000
MTRR map: 4 entries (3 fixed + 1 variable; max 19), built from 8 variable MTRRs
x86/PAT: Configuration [0-7]: WB  WC  UC- UC  WB  WP  UC- WT  
found SMP MP-table at [mem 0x000f5480-0x000f548f]
RAMDISK: [mem 0x0ff62000-0x0ffdffff]
Intel MultiProcessor Specification v1.4
MPTABLE: OEM ID: BOCHSCPU
MPTABLE: Product ID: 0.1         
MPTABLE: APIC at: 0xFEE00000
Zone ranges:
  DMA      [mem 0x0000000000001000-0x0000000000ffffff]
  DMA32    [mem 0x0000000001000000-0x000000000ffdffff]
  Normal   empty
Movable zone start for each node
Early memory node ranges
  node   0: [mem 0x0000000000001000-0x000000000009efff]
  node   0: [mem 0x0000000000100000-0x000000000ffdffff]
Initmem setup node 0 [mem 0x0000000000001000-0x000000000ffdffff]
On node 0, zone DMA: 1 pages in unavailable ranges
On node 0, zone DMA: 97 pages in unavailable ranges
On node 0, zone DMA32: 32 pages in unavailable ranges
Intel MultiProcessor Specification v1.4
MPTABLE: OEM ID: BOCHSCPU
MPTABLE: Product ID: 0.1         
MPTABLE: APIC at: 0xFEE00000
Processor #0 (Bootup-CPU)
IOAPIC[0]: apic_id 0, version 32, address 0xfec00000, GSI 0-23
Processors: 1
CPU topo: Max. logical packages:   1
CPU topo: Max. logical dies:       1
CPU topo: Max. dies per package:   1
CPU topo: Max. threads per core:   1
CPU topo: Num. cores per package:     1
CPU topo: Num. threads per package:   1
CPU topo: Allowing 1 present CPUs plus 0 hotplug CPUs
[mem 0x10000000-0xfffbffff] available for PCI devices
clocksource: refined-jiffies: mask: 0xffffffff max_cycles: 0xffffffff, max_idle_ns: 7645519600211568 ns
Kernel command line: HOST=x86_64 console=ttyS0 
Unknown kernel command line parameters "HOST=x86_64", will be passed to user space.
printk: log buffer data + meta data: 131072 + 458752 = 589824 bytes
Dentry cache hash table entries: 32768 (order: 6, 262144 bytes, linear)
Inode-cache hash table entries: 16384 (order: 5, 131072 bytes, linear)
Built 1 zonelists, mobility grouping on.  Total pages: 65406
mem auto-init: stack:all(zero), heap alloc:off, heap free:off
SLUB: HWalign=64, Order=0-3, MinObjects=0, CPUs=1, Nodes=1
NR_IRQS: 4352, nr_irqs: 48, preallocated irqs: 16
clocksource: jiffies: mask: 0xffffffff max_cycles: 0xffffffff, max_idle_ns: 7645041785100000 ns
Console: colour VGA+ 80x25
printk: legacy console [ttyS0] enabled
APIC: Switch to symmetric I/O mode setup
..TIMER: vector=0x30 apic1=0 pin1=2 apic2=-1 pin2=-1
tsc: Unable to calibrate against PIT
tsc: No reference (HPET/PMTIMER) available
tsc: Marking TSC unstable due to could not calculate TSC khz
Calibrating delay loop... 319.74 BogoMIPS (lpj=639488)
Last level iTLB entries: 4KB 512, 2MB 255, 4MB 127
Last level dTLB entries: 4KB 512, 2MB 255, 4MB 127, 1GB 0
CPU: AMD QEMU Virtual CPU version 2.5+ (family: 0xf, model: 0x6b, stepping: 0x1)
mitigations: Enabled attack vectors: SMT mitigations: off
Spectre V2 : Vulnerable
Spectre V1 : Vulnerable: __user pointer sanitization and usercopy barriers only; no swapgs barriers
x86/fpu: x87 FPU will use FXSAVE
pid_max: default: 32768 minimum: 301
Mount-cache hash table entries: 512 (order: 0, 4096 bytes, linear)
Mountpoint-cache hash table entries: 512 (order: 0, 4096 bytes, linear)
Performance Events: PMU not available due to virtualization, using software events only.
signal: max sigframe size: 1040
Memory: 242564K/261624K available (6768K kernel code, 849K rwdata, 1180K rodata, 688K init, 448K bss, 18020K reserved, 0K cma-reserved)
devtmpfs: initialized
posixtimers hash table entries: 512 (order: 0, 4096 bytes, linear)
futex hash table entries: 256 (8192 bytes on 1 NUMA nodes, total 8 KiB, linear).
NET: Registered PF_NETLINK/PF_ROUTE protocol family
PCI: Using configuration type 1 for base access
SCSI subsystem initialized
PCI: Probing PCI hardware
PCI host bridge to bus 0000:00
pci_bus 0000:00: root bus resource [io  0x0000-0xffff]
pci_bus 0000:00: root bus resource [mem 0x00000000-0xffffffffff]
pci_bus 0000:00: No busn resource found for root bus, will use [bus 00-ff]
pci 0000:00:00.0: [8086:1237] type 00 class 0x060000 conventional PCI endpoint
pci 0000:00:01.0: [8086:7000] type 00 class 0x060100 conventional PCI endpoint
pci 0000:00:01.1: [8086:7010] type 00 class 0x010180 conventional PCI endpoint
pci 0000:00:01.1: BAR 4 [io  0xc040-0xc04f]
pci 0000:00:01.1: BAR 0 [io  0x01f0-0x01f7]: legacy IDE quirk
pci 0000:00:01.1: BAR 1 [io  0x03f6]: legacy IDE quirk
pci 0000:00:01.1: BAR 2 [io  0x0170-0x0177]: legacy IDE quirk
pci 0000:00:01.1: BAR 3 [io  0x0376]: legacy IDE quirk
pci 0000:00:01.3: [8086:7113] type 00 class 0x068000 conventional PCI endpoint
pci 0000:00:01.3: quirk: [io  0x0600-0x063f] claimed by PIIX4 ACPI
pci 0000:00:01.3: quirk: [io  0x0700-0x070f] claimed by PIIX4 SMB
pci 0000:00:02.0: [1234:1111] type 00 class 0x030000 conventional PCI endpoint
pci 0000:00:02.0: BAR 0 [mem 0xfd000000-0xfdffffff pref]
pci 0000:00:02.0: BAR 2 [mem 0xfebf0000-0xfebf0fff]
pci 0000:00:02.0: ROM [mem 0xfebe0000-0xfebeffff pref]
pci 0000:00:02.0: Video device with shadowed ROM at [mem 0x000c0000-0x000dffff]
pci 0000:00:03.0: [8086:100e] type 00 class 0x020000 conventional PCI endpoint
pci 0000:00:03.0: BAR 0 [mem 0xfebc0000-0xfebdffff]
pci 0000:00:03.0: BAR 1 [io  0xc000-0xc03f]
pci 0000:00:03.0: ROM [mem 0xfeb80000-0xfebbffff pref]
pci_bus 0000:00: busn_res: [bus 00-ff] end is updated to 00
pci 0000:00:01.0: PIIX/ICH IRQ router [8086:7000]
pci 0000:00:02.0: vgaarb: setting as boot VGA device
pci 0000:00:02.0: vgaarb: bridge control possible
pci 0000:00:02.0: vgaarb: VGA device added: decodes=io+mem,owns=io+mem,locks=none
vgaarb: loaded
clocksource: Switched to clocksource refined-jiffies
NET: Registered PF_INET protocol family
IP idents hash table entries: 4096 (order: 3, 32768 bytes, linear)
tcp_listen_portaddr_hash hash table entries: 512 (order: 0, 4096 bytes, linear)
Table-perturb hash table entries: 65536 (order: 6, 262144 bytes, linear)
TCP established hash table entries: 2048 (order: 2, 16384 bytes, linear)
TCP bind hash table entries: 2048 (order: 3, 32768 bytes, linear)
TCP: Hash tables configured (established 2048 bind 2048)
UDP hash table entries: 256 (order: 2, 16384 bytes, linear)
UDP-Lite hash table entries: 256 (order: 2, 16384 bytes, linear)
NET: Registered PF_UNIX/PF_LOCAL protocol family
pci_bus 0000:00: resource 4 [io  0x0000-0xffff]
pci_bus 0000:00: resource 5 [mem 0x00000000-0xffffffffff]
pci 0000:00:01.0: PIIX3: Enabling Passive Release
pci 0000:00:00.0: Limiting direct PCI/PCI transfers
PCI: CLS 0 bytes, default 64
platform rtc_cmos: registered platform RTC device (no PNP device found)
Unpacking initramfs...
workingset: timestamp_bits=62 max_order=16 bucket_order=0
squashfs: version 4.0 (2009/01/31) Phillip Lougher
Serial: 8250/16550 driver, 4 ports, IRQ sharing disabled
serial8250: ttyS0 at I/O 0x3f8 (irq = 4, base_baud = 115200) is a 16550A
loop: module loaded
scsi host0: ata_piix
scsi host1: ata_piix
ata1: PATA max MWDMA2 cmd 0x1f0 ctl 0x3f6 bmdma 0xc040 irq 14 lpm-pol 0
ata2: PATA max MWDMA2 cmd 0x170 ctl 0x376 bmdma 0xc048 irq 15 lpm-pol 0
e1000: Intel(R) PRO/1000 Network Driver
e1000: Copyright (c) 1999-2006 Intel Corporation.
e1000 0000:00:03.0: PCI->APIC IRQ transform: INT A -> IRQ 11
Freeing initrd memory: 504K
ata2: found unknown device (class 0)
ata2.00: ATAPI: QEMU DVD-ROM, 2.5+, max UDMA/100
scsi 1:0:0:0: CD-ROM            QEMU     QEMU DVD-ROM     2.5+ PQ: 0 ANSI: 5
e1000 0000:00:03.0 eth0: (PCI:33MHz:32-bit) 52:54:00:12:34:56
e1000 0000:00:03.0 eth0: Intel(R) PRO/1000 Network Connection
NET: Registered PF_INET6 protocol family
Segment Routing with IPv6
In-situ OAM (IOAM) with IPv6
NET: Registered PF_PACKET protocol family
netconsole: network logging started
Freeing unused kernel image (initmem) memory: 688K
Write protecting the kernel read-only data: 10240k
Freeing unused kernel image (text/rodata gap) memory: 1420K
Freeing unused kernel image (rodata/data gap) memory: 868K
Run /init as init process
e1000: eth0 NIC Link is Up 1000 Mbps Full Duplex, Flow Control: RX
[?7hType exit when done.
$ echo MKROOT_SHELL_ENTERED_V2
test -r /proc/self/status && test -d /sys && test -c /dev/null && echo MKROOT_G4_PASS_V2
exit
MKROOT_SHELL_ENTERED_V2
$ MKROOT_G4_PASS_V2
$ reboot: Restarting system
[?7h
