{
    "diagnosticMode":  "Microsoft WSL ETW profile plus transactional debugConsole",
    "execute":  true,
    "requiresElevation":  true,
    "elevationReason":  "WPR starts privileged WSL, kernel, and Hyper-V ETW providers; the underlying kernel harness does not require elevation.",
    "wprProfile":  "C:\\Users\\jackc\\git\\ultra-minimal-wsl\\references\\microsoft\\WSL-2.7.11\\diagnostics\\wsl.wprp",
    "wprProfileSha256":  "3f829a9af733d6dce9454a1df2e2aa07096acaaed5b6865ffb5c202d089479f2",
    "wprProfileName":  "WSL",
    "etlDestination":  "C:\\Users\\jackc\\git\\ultra-minimal-wsl\\recovery-harness\\trials\\K-OVERLAY-DIAG-001\\windows-wsl.etl",
    "exactTimingMetadata":  "C:\\Users\\jackc\\git\\ultra-minimal-wsl\\recovery-harness\\trials\\K-OVERLAY-DIAG-001\\diagnostic-trace.json",
    "debugConsole":  true,
    "note":  "The console window is supplementary; Microsoft.Windows.Lxss.Manager GuestLog events in ETL are the programmatic kernel-log source."
}
{
    "mode":  "KernelTrial",
    "trialId":  "K-OVERLAY-DIAG-001",
    "execute":  false,
    "requiresElevation":  false,
    "candidateKernel":  {
                            "path":  "C:\\Users\\jackc\\git\\ultra-minimal-wsl\\candidates\\K-OVERLAY-001\\linux-kernel",
                            "length":  3777536,
                            "sha256":  "3f5d6708e4a9eaaa230054a1962c584ac3e0a47f28485c1ab87a12c8e51dff3b",
                            "bootProtocol":  "2.15"
                        },
    "packagedKernel":  {
                           "path":  "C:\\Program Files\\WSL\\tools\\kernel",
                           "length":  17334784,
                           "lastWriteUtc":  "2026-06-18T21:41:14.0000000Z",
                           "sha256":  "d540850bfbf1beba3ded6b2965b9d0249b23fbcb3e90e7dc0845ac7ad86bc861"
                       },
    "wslVersion":  "WSL version: 2.7.12.0\r\n\r\nKernel version: 6.18.33.2-2\r\n\r\nWSLg version: 1.0.73.2\r\n\r\nMSRDC version: 1.2.7214\r\n\r\nDirect3D version: 1.611.1-81528511\r\n\r\nDXCore version: 10.0.26100.1-240331-1435.ge-release\r\n\r\nWindows version: 10.0.26200.9168",
    "originalWslConfig":  {
                              "exists":  true,
                              "length":  312,
                              "sha256":  "6539e72bf44774aefcf1aaff6f9673e59e9b091bcdb575f16ed879f272982577"
                          },
    "testDistribution":  "Toybox-Minimal",
    "recoveryDistribution":  "Debian",
    "timeoutSeconds":  45,
    "debugConsole":  true,
    "activeWslProcesses":  [

                           ],
    "blockingWslManagementProcesses":  [

                                       ],
    "writesUnderInstalledWsl":  false,
    "operations":  [
                       "validate external kernel",
                       "save exact .wslconfig",
                       "atomically select external kernel and debugConsole=true in .wslconfig",
                       "shutdown WSL",
                       "run designated distro with timeout",
                       "unconditionally restore exact .wslconfig",
                       "shutdown and verify packaged-kernel/config hashes",
                       "boot stock recovery distro",
                       "shutdown and append terminal trial row"
                   ]
}
PLAN ONLY: no shutdown or configuration change was performed.
{
    "mode":  "KernelTrial",
    "trialId":  "K-OVERLAY-DIAG-001",
    "execute":  true,
    "requiresElevation":  false,
    "candidateKernel":  {
                            "path":  "C:\\Users\\jackc\\git\\ultra-minimal-wsl\\candidates\\K-OVERLAY-001\\linux-kernel",
                            "length":  3777536,
                            "sha256":  "3f5d6708e4a9eaaa230054a1962c584ac3e0a47f28485c1ab87a12c8e51dff3b",
                            "bootProtocol":  "2.15"
                        },
    "packagedKernel":  {
                           "path":  "C:\\Program Files\\WSL\\tools\\kernel",
                           "length":  17334784,
                           "lastWriteUtc":  "2026-06-18T21:41:14.0000000Z",
                           "sha256":  "d540850bfbf1beba3ded6b2965b9d0249b23fbcb3e90e7dc0845ac7ad86bc861"
                       },
    "wslVersion":  "WSL version: 2.7.12.0\r\n\r\nKernel version: 6.18.33.2-2\r\n\r\nWSLg version: 1.0.73.2\r\n\r\nMSRDC version: 1.2.7214\r\n\r\nDirect3D version: 1.611.1-81528511\r\n\r\nDXCore version: 10.0.26100.1-240331-1435.ge-release\r\n\r\nWindows version: 10.0.26200.9168",
    "originalWslConfig":  {
                              "exists":  true,
                              "length":  312,
                              "sha256":  "6539e72bf44774aefcf1aaff6f9673e59e9b091bcdb575f16ed879f272982577"
                          },
    "testDistribution":  "Toybox-Minimal",
    "recoveryDistribution":  "Debian",
    "timeoutSeconds":  45,
    "debugConsole":  true,
    "activeWslProcesses":  [

                           ],
    "blockingWslManagementProcesses":  [

                                       ],
    "writesUnderInstalledWsl":  false,
    "operations":  [
                       "validate external kernel",
                       "save exact .wslconfig",
                       "atomically select external kernel and debugConsole=true in .wslconfig",
                       "shutdown WSL",
                       "run designated distro with timeout",
                       "unconditionally restore exact .wslconfig",
                       "shutdown and verify packaged-kernel/config hashes",
                       "boot stock recovery distro",
                       "shutdown and append terminal trial row"
                   ]
}
TRIAL_EXCEPTION: System.Management.Automation.RuntimeException: Trial failed after verified restoration: Test distro exited with code -1.
{"schemaVersion":1,"checkedUtc":"2026-08-19T17:18:17.7219522Z","safe":true,"checks":[{"name":"wslconfig-sha256","pass":true,"actual":"6539e72bf44774aefcf1aaff6f9673e59e9b091bcdb575f16ed879f272982577","expected":"6539e72bf44774aefcf1aaff6f9673e59e9b091bcdb575f16ed879f272982577"},{"name":"packaged-kernel-sha256","pass":true,"actual":"d540850bfbf1beba3ded6b2965b9d0249b23fbcb3e90e7dc0845ac7ad86bc861","expected":"d540850bfbf1beba3ded6b2965b9d0249b23fbcb3e90e7dc0845ac7ad86bc861"},{"name":"packaged-initrd-sha256","pass":true,"actual":"a76ddd9b8bad0771c100a32a715cfc15d8553464f4deffcb516454610cd6b118","expected":"a76ddd9b8bad0771c100a32a715cfc15d8553464f4deffcb516454610cd6b118"},{"name":"no-custom-wsl-settings","pass":true,"actual":[],"expected":[]},{"name":"no-active-recovery-journal","pass":true,"actual":false,"expected":false},{"name":"expected-trial-rows","pass":true,"actual":[],"expected":[]},{"name":"terminal-trial-rows","pass":true,"actual":[],"expected":[]},{"name":"host-trials-restored","pass":true,"actual":[],"expected":[]},{"name":"no-wsl-management-operation","pass":true,"actual":[],"expected":[]},{"name":"wsl-version-query","pass":true,"actual":{"exitCode":0,"stderr":""},"expected":{"exitCode":0}},{"name":"wsl-version","pass":true,"actual":"2.7.12.0","expected":"2.7.12.0"},{"name":"wsl-running-query","pass":true,"actual":{"exitCode":0,"stderr":""},"expected":{"exitCode":0}},{"name":"no-running-distributions","pass":true,"actual":[],"expected":[]},{"name":"no-wsl-utility-vm","pass":true,"actual":[],"expected":[]},{"name":"no-stale-debug-relay","pass":true,"actual":[],"expected":[]},{"name":"wpr-idle","pass":true,"actual":"Microsoft Windows Performance Recorder Version 10.0.26100 (CoreSystem)\r\nCopyright (c) 2024 Microsoft Corporation. All rights reserved.\r\n\r\nWPR is not recording","expected":"WPR is not recording"},{"name":"optional-visual-studio-query","pass":true,"actual":[],"expected":[]},{"name":"no-optional-visual-studio-workload","pass":true,"actual":[],"expected":[]}]}
{"trialSucceeded":false,"safe":true}
