  SYSHDR  arch/x86/include/generated/uapi/asm/unistd_32.h
  WRAP    arch/x86/include/generated/uapi/asm/bpf_perf_event.h
  WRAP    arch/x86/include/generated/uapi/asm/errno.h
  WRAP    arch/x86/include/generated/uapi/asm/fcntl.h
  WRAP    arch/x86/include/generated/uapi/asm/ioctl.h
  SYSHDR  arch/x86/include/generated/uapi/asm/unistd_64.h
  UPD     include/generated/uapi/linux/version.h
  WRAP    arch/x86/include/generated/uapi/asm/ioctls.h
  SYSHDR  arch/x86/include/generated/uapi/asm/unistd_x32.h
  WRAP    arch/x86/include/generated/uapi/asm/ipcbuf.h
  SYSTBL  arch/x86/include/generated/asm/syscalls_32.h
  WRAP    arch/x86/include/generated/uapi/asm/param.h
  WRAP    arch/x86/include/generated/uapi/asm/poll.h
  HOSTCC  arch/x86/tools/relocs_32.o
  UPD     arch/x86/include/generated/asm/cpufeaturemasks.h
  SYSHDR  arch/x86/include/generated/asm/unistd_32_ia32.h
  WRAP    arch/x86/include/generated/uapi/asm/resource.h
  WRAP    arch/x86/include/generated/uapi/asm/socket.h
  HOSTCC  arch/x86/tools/relocs_64.o
  WRAP    arch/x86/include/generated/uapi/asm/sockios.h
  SYSHDR  arch/x86/include/generated/asm/unistd_64_x32.h
  WRAP    arch/x86/include/generated/uapi/asm/termbits.h
  UPD     include/generated/compile.h
  WRAP    arch/x86/include/generated/uapi/asm/termios.h
  WRAP    arch/x86/include/generated/uapi/asm/types.h
  SYSTBL  arch/x86/include/generated/asm/syscalls_64.h
  HOSTCC  arch/x86/tools/relocs_common.o
  DESCEND objtool
  WRAP    arch/x86/include/generated/asm/early_ioremap.h
  UPD     include/config/kernel.release
  WRAP    arch/x86/include/generated/asm/fprobe.h
  WRAP    arch/x86/include/generated/asm/mmzone.h
  HOSTCC  scripts/kallsyms
  WRAP    arch/x86/include/generated/asm/mcs_spinlock.h
  WRAP    arch/x86/include/generated/asm/ring_buffer.h
  HOSTCC  scripts/sorttable
  WRAP    arch/x86/include/generated/asm/irq_regs.h
  WRAP    arch/x86/include/generated/asm/kmap_size.h
  WRAP    arch/x86/include/generated/asm/local64.h
  WRAP    arch/x86/include/generated/asm/mmiowb.h
  WRAP    arch/x86/include/generated/asm/module.lds.h
  WRAP    arch/x86/include/generated/asm/rwonce.h
  UPD     include/generated/utsrelease.h
  HOSTLD  arch/x86/tools/relocs
  CC      scripts/mod/empty.o
  HOSTCC  scripts/mod/mk_elfconfig
  CC      scripts/mod/devicetable-offsets.s
  INSTALL /root/experiments/minimal-wsl/candidates/K-STORAGE-001/WSL2-Linux-Kernel/tools/objtool/libsubcmd/include/subcmd/exec-cmd.h
  INSTALL /root/experiments/minimal-wsl/candidates/K-STORAGE-001/WSL2-Linux-Kernel/tools/objtool/libsubcmd/include/subcmd/help.h
  INSTALL /root/experiments/minimal-wsl/candidates/K-STORAGE-001/WSL2-Linux-Kernel/tools/objtool/libsubcmd/include/subcmd/pager.h
  INSTALL /root/experiments/minimal-wsl/candidates/K-STORAGE-001/WSL2-Linux-Kernel/tools/objtool/libsubcmd/include/subcmd/parse-options.h
  INSTALL /root/experiments/minimal-wsl/candidates/K-STORAGE-001/WSL2-Linux-Kernel/tools/objtool/libsubcmd/include/subcmd/run-command.h
  INSTALL libsubcmd_headers
  UPD     scripts/mod/devicetable-offsets.h
  MKELF   scripts/mod/elfconfig.h
  HOSTCC  scripts/mod/modpost.o
  HOSTCC  scripts/mod/file2alias.o
  HOSTCC  scripts/mod/sumversion.o
  HOSTCC  scripts/mod/symsearch.o
  CC      /root/experiments/minimal-wsl/candidates/K-STORAGE-001/WSL2-Linux-Kernel/tools/objtool/libsubcmd/exec-cmd.o
  CC      /root/experiments/minimal-wsl/candidates/K-STORAGE-001/WSL2-Linux-Kernel/tools/objtool/libsubcmd/help.o
  CC      /root/experiments/minimal-wsl/candidates/K-STORAGE-001/WSL2-Linux-Kernel/tools/objtool/libsubcmd/pager.o
  CC      /root/experiments/minimal-wsl/candidates/K-STORAGE-001/WSL2-Linux-Kernel/tools/objtool/libsubcmd/parse-options.o
  CC      /root/experiments/minimal-wsl/candidates/K-STORAGE-001/WSL2-Linux-Kernel/tools/objtool/libsubcmd/run-command.o
  CC      /root/experiments/minimal-wsl/candidates/K-STORAGE-001/WSL2-Linux-Kernel/tools/objtool/libsubcmd/sigchain.o
  CC      /root/experiments/minimal-wsl/candidates/K-STORAGE-001/WSL2-Linux-Kernel/tools/objtool/libsubcmd/subcmd-config.o
  HOSTLD  scripts/mod/modpost
  LD      /root/experiments/minimal-wsl/candidates/K-STORAGE-001/WSL2-Linux-Kernel/tools/objtool/libsubcmd/libsubcmd-in.o
  AR      /root/experiments/minimal-wsl/candidates/K-STORAGE-001/WSL2-Linux-Kernel/tools/objtool/libsubcmd/libsubcmd.a
  CC      /root/experiments/minimal-wsl/candidates/K-STORAGE-001/WSL2-Linux-Kernel/tools/objtool/weak.o
  CC      /root/experiments/minimal-wsl/candidates/K-STORAGE-001/WSL2-Linux-Kernel/tools/objtool/check.o
  CC      /root/experiments/minimal-wsl/candidates/K-STORAGE-001/WSL2-Linux-Kernel/tools/objtool/arch/x86/special.o
  CC      /root/experiments/minimal-wsl/candidates/K-STORAGE-001/WSL2-Linux-Kernel/tools/objtool/special.o
  MKDIR   /root/experiments/minimal-wsl/candidates/K-STORAGE-001/WSL2-Linux-Kernel/tools/objtool/arch/x86/lib/
  CC      /root/experiments/minimal-wsl/candidates/K-STORAGE-001/WSL2-Linux-Kernel/tools/objtool/builtin-check.o
  CC      /root/experiments/minimal-wsl/candidates/K-STORAGE-001/WSL2-Linux-Kernel/tools/objtool/arch/x86/orc.o
  CC      /root/experiments/minimal-wsl/candidates/K-STORAGE-001/WSL2-Linux-Kernel/tools/objtool/elf.o
  CC      /root/experiments/minimal-wsl/candidates/K-STORAGE-001/WSL2-Linux-Kernel/tools/objtool/objtool.o
  CC      /root/experiments/minimal-wsl/candidates/K-STORAGE-001/WSL2-Linux-Kernel/tools/objtool/orc_gen.o
  CC      /root/experiments/minimal-wsl/candidates/K-STORAGE-001/WSL2-Linux-Kernel/tools/objtool/orc_dump.o
  GEN     /root/experiments/minimal-wsl/candidates/K-STORAGE-001/WSL2-Linux-Kernel/tools/objtool/arch/x86/lib/inat-tables.c
  CC      /root/experiments/minimal-wsl/candidates/K-STORAGE-001/WSL2-Linux-Kernel/tools/objtool/libstring.o
  CC      /root/experiments/minimal-wsl/candidates/K-STORAGE-001/WSL2-Linux-Kernel/tools/objtool/libctype.o
  CC      /root/experiments/minimal-wsl/candidates/K-STORAGE-001/WSL2-Linux-Kernel/tools/objtool/arch/x86/decode.o
  UPD     include/generated/timeconst.h
  CC      /root/experiments/minimal-wsl/candidates/K-STORAGE-001/WSL2-Linux-Kernel/tools/objtool/str_error_r.o
  CC      kernel/bounds.s
  CC      /root/experiments/minimal-wsl/candidates/K-STORAGE-001/WSL2-Linux-Kernel/tools/objtool/librbtree.o
  CHKSHA1 include/linux/atomic/atomic-arch-fallback.h
  CHKSHA1 include/linux/atomic/atomic-instrumented.h
  CHKSHA1 include/linux/atomic/atomic-long.h
  UPD     include/generated/bounds.h
  CC      arch/x86/kernel/asm-offsets.s
  LD      /root/experiments/minimal-wsl/candidates/K-STORAGE-001/WSL2-Linux-Kernel/tools/objtool/arch/x86/objtool-in.o
  UPD     include/generated/asm-offsets.h
  CC      kernel/sched/rq-offsets.s
  LD      /root/experiments/minimal-wsl/candidates/K-STORAGE-001/WSL2-Linux-Kernel/tools/objtool/objtool-in.o
  LINK    /root/experiments/minimal-wsl/candidates/K-STORAGE-001/WSL2-Linux-Kernel/tools/objtool/objtool
  UPD     include/generated/rq-offsets.h
  CALL    scripts/checksyscalls.sh
  HOSTCC  usr/gen_init_cpio
  CC      init/main.o
  AR      certs/built-in.a
  CC      fs/open.o
  CC      mm/filemap.o
  CC      security/commoncap.o
  AR      ipc/built-in.a
  UPD     init/utsversion-tmp.h
  AS      arch/x86/boot/startup/la57toggle.o
  CC      block/bdev.o
  CC      mm/mempool.o
  CC      security/min_addr.o
  CC      arch/x86/boot/startup/gdt_idt.o
  CC      kernel/fork.o
  CC      fs/read_write.o
  AR      crypto/built-in.a
  CC      fs/file_table.o
  CC      arch/x86/boot/startup/map_kernel.o
  GEN     usr/initramfs_data.cpio
  COPY    usr/initramfs_inc_data
  AS      usr/initramfs_data.o
  AR      usr/built-in.a
  AS      arch/x86/entry/entry.o
  AS      arch/x86/entry/entry_64.o
  CC      arch/x86/entry/syscall_64.o
  CC      arch/x86/entry/vdso/vma.o
  AR      arch/x86/boot/startup/lib.a
  OBJCOPY arch/x86/boot/startup/gdt_idt.pi.o
  OBJCOPY arch/x86/boot/startup/map_kernel.pi.o
  AR      arch/x86/boot/startup/built-in.a
  CC      arch/x86/entry/vsyscall/vsyscall_64.o
  AS      arch/x86/entry/vsyscall/vsyscall_emu_64.o
  CC      block/fops.o
  CC      fs/super.o
  AR      security/built-in.a
  CC      kernel/exec_domain.o
  CC      init/do_mounts.o
  CC      kernel/panic.o
  CC      mm/oom_kill.o
  CC      arch/x86/entry/vdso/extable.o
  AR      arch/x86/entry/vsyscall/built-in.a
  CC      arch/x86/events/core.o
  CC      io_uring/io_uring.o
  CC      io_uring/opdef.o
  CC      init/do_mounts_initrd.o
  LDS     arch/x86/entry/vdso/vdso.lds
  CC      init/initramfs.o
  CC      block/bio.o
  CC      kernel/cpu.o
  AS      arch/x86/entry/vdso/vdso-note.o
  CC      arch/x86/entry/vdso/vclock_gettime.o
  CC      fs/char_dev.o
  CC      arch/x86/entry/vdso/vgetcpu.o
  CC      mm/fadvise.o
  CC      init/calibrate.o
  CC      block/elevator.o
  CC      arch/x86/events/probe.o
  CC      arch/x86/entry/vdso/vgetrandom.o
  CC      lib/argv_split.o
  CC      arch/x86/hyperv/hv_init.o
  CC      init/init_task.o
  CC      arch/x86/hyperv/mmu.o
  CC      lib/bug.o
  AS      arch/x86/entry/vdso/vgetrandom-chacha.o
  CC      kernel/exit.o
  HOSTCC  arch/x86/entry/vdso/vdso2c
  CC      fs/stat.o
  CC      mm/maccess.o
  CC      arch/x86/events/utils.o
  CC      io_uring/kbuf.o
  CC      init/version.o
  CC      block/blk-core.o
  VDSO    arch/x86/entry/vdso/vdso64.so.dbg
  OBJCOPY arch/x86/entry/vdso/vdso64.so
  VDSO2C  arch/x86/entry/vdso/vdso-image-64.c
  CC      arch/x86/entry/vdso/vdso-image-64.o
  CC      lib/buildid.o
  AS      arch/x86/lib/bhi.o
  CC      arch/x86/hyperv/nested.o
  AS      arch/x86/lib/clear_page_64.o
  CC      arch/x86/lib/cmdline.o
  AR      arch/x86/entry/vdso/built-in.a
  AR      arch/x86/entry/built-in.a
  CC      fs/exec.o
  CC      mm/page-writeback.o
  AR      init/built-in.a
  CC      kernel/softirq.o
  AS      arch/x86/lib/cmpxchg16b_emu.o
  CC      arch/x86/events/amd/core.o
  CC      arch/x86/lib/copy_mc.o
  CC      arch/x86/events/amd/lbr.o
  CC      io_uring/rsrc.o
  CC      block/blk-sysfs.o
  CC      lib/cmdline.o
  CC      arch/x86/hyperv/irqdomain.o
  AS      arch/x86/lib/copy_mc_64.o
  AS      arch/x86/lib/copy_page_64.o
  CC      lib/ctype.o
  AS      arch/x86/lib/copy_user_64.o
  CC      lib/dec_and_lock.o
  AS      arch/x86/lib/copy_user_uncached_64.o
  CC      arch/x86/lib/cpu.o
  CC      arch/x86/realmode/init.o
  CC      lib/decompress.o
  CC      lib/decompress_inflate.o
  CC      kernel/resource.o
  AS      arch/x86/realmode/rm/header.o
  AS      arch/x86/realmode/rm/trampoline_64.o
  AS      arch/x86/realmode/rm/stack.o
  AS      arch/x86/lib/csum-copy_64.o
  AS      arch/x86/realmode/rm/reboot.o
  CC      arch/x86/lib/csum-partial_64.o
  PASYMS  arch/x86/realmode/rm/pasyms.h
  LDS     arch/x86/realmode/rm/realmode.lds
  LD      arch/x86/realmode/rm/realmode.elf
  RELOCS  arch/x86/realmode/rm/realmode.relocs
  OBJCOPY arch/x86/realmode/rm/realmode.bin
  CC      mm/folio-compat.o
  AR      drivers/cache/built-in.a
  CC      arch/x86/lib/csum-wrappers_64.o
  CC      drivers/irqchip/irq-msi-lib.o
  CC      arch/x86/hyperv/ivm.o
  CC      arch/x86/events/amd/ibs.o
  CC      fs/pipe.o
  CC      lib/dump_stack.o
  AS      arch/x86/realmode/rmpiggy.o
  CC      block/blk-flush.o
  AR      arch/x86/realmode/built-in.a
  CC      fs/namei.o
  CC      arch/x86/lib/delay.o
  AR      drivers/irqchip/built-in.a
  AR      drivers/bus/mhi/built-in.a
  AR      drivers/bus/built-in.a
  AR      drivers/pwm/built-in.a
  AR      drivers/leds/blink/built-in.a
  AR      drivers/leds/simatic/built-in.a
  AR      drivers/leds/built-in.a
  CC      fs/fcntl.o
  CC      drivers/pci/access.o
  CC      io_uring/notif.o
  CC      arch/x86/hyperv/hv_apic.o
  CC      mm/readahead.o
  AS      arch/x86/lib/getuser.o
  GEN     arch/x86/lib/inat-tables.c
  CC      arch/x86/lib/insn-eval.o
  CC      lib/earlycpio.o
  CC      kernel/sysctl.o
  CC      lib/extable.o
  CC      block/blk-settings.o
  AR      arch/x86/events/amd/built-in.a
  CC      arch/x86/events/msr.o
  CC      drivers/pci/bus.o
  AR      arch/x86/hyperv/built-in.a
  AR      sound/built-in.a
  CC      lib/flex_proportions.o
  CC      drivers/video/screen_info_generic.o
  CC      lib/idr.o
  CC      lib/iomem_copy.o
  CC      mm/swap.o
  CC      drivers/video/screen_info_pci.o
  CC      arch/x86/lib/insn.o
  CC      io_uring/tctx.o
  CC      kernel/capability.o
  CC      arch/x86/events/intel/core.o
  AS      arch/x86/lib/memcpy_64.o
  CC      block/blk-ioc.o
  AS      arch/x86/lib/memmove_64.o
  CC      drivers/pci/probe.o
  AS      arch/x86/lib/memset_64.o
  CC      arch/x86/lib/misc.o
  AS      arch/x86/kernel/head_64.o
  CC      arch/x86/lib/pc-conf-reg.o
  CC      arch/x86/kernel/head64.o
  CC      lib/irq_regs.o
  AR      drivers/idle/built-in.a
  CC      arch/x86/kernel/ebda.o
  AS      arch/x86/lib/putuser.o
  CC      lib/is_single_threaded.o
  CC      arch/x86/lib/usercopy.o
  CC      drivers/video/console/dummycon.o
  CC      io_uring/filetable.o
  CC      kernel/ptrace.o
  CC      arch/x86/lib/usercopy_64.o
  CC      mm/truncate.o
  CC      lib/klist.o
  CC      fs/ioctl.o
  CC      block/blk-map.o
  CC      drivers/video/console/vgacon.o
  CC      arch/x86/kernel/platform-quirks.o
  CC      arch/x86/events/intel/bts.o
  CC      lib/kobject.o
  CC      io_uring/rw.o
  CC      arch/x86/lib/msr.o
  CC      arch/x86/kernel/process_64.o
  CC      drivers/pci/host-bridge.o
  CC      lib/kobject_uevent.o
  CC      fs/readdir.o
  AS      arch/x86/lib/msr-reg.o
  CC      arch/x86/lib/msr-reg-export.o
  CC      mm/vmscan.o
  CC      block/blk-merge.o
  AR      drivers/video/console/built-in.a
  AR      drivers/video/backlight/built-in.a
  AR      drivers/video/fbdev/core/built-in.a
  CC      arch/x86/events/intel/ds.o
  AR      drivers/video/fbdev/omap/built-in.a
  AR      drivers/video/fbdev/omap2/omapfb/dss/built-in.a
  AR      drivers/video/fbdev/omap2/omapfb/displays/built-in.a
  AR      drivers/video/fbdev/omap2/omapfb/built-in.a
  AR      drivers/video/fbdev/omap2/built-in.a
  AR      drivers/video/fbdev/built-in.a
  AR      drivers/video/built-in.a
  CC      kernel/user.o
  AS      arch/x86/lib/hweight.o
  CC      fs/select.o
  CC      arch/x86/lib/iomem.o
  CC      arch/x86/kernel/signal.o
  CC      drivers/pci/remove.o
  CC      arch/x86/lib/inat.o
  CC      kernel/signal.o
  AR      arch/x86/lib/built-in.a
  AR      arch/x86/lib/lib.a
  CC      mm/shrinker.o
  CC      io_uring/poll.o
  CC      arch/x86/mm/init.o
  CC      lib/logic_pio.o
  CC      drivers/pci/pci.o
  CC      arch/x86/kernel/signal_64.o
  CC      arch/x86/mm/init_64.o
  CC      block/blk-timeout.o
  CC      fs/dcache.o
  CC      lib/maple_tree.o
  CC      arch/x86/mm/fault.o
  CC      arch/x86/events/intel/knc.o
  CC      mm/shmem.o
  CC      arch/x86/events/zhaoxin/core.o
  CC      block/blk-lib.o
  CC      arch/x86/kernel/traps.o
  CC      io_uring/eventfd.o
  AR      drivers/char/ipmi/built-in.a
  CC      kernel/sys.o
  CC      arch/x86/events/intel/lbr.o
  AR      arch/x86/events/zhaoxin/built-in.a
  CC      net/devres.o
  CC      arch/x86/mm/ioremap.o
  CC      block/blk-mq.o
  AR      arch/x86/crypto/built-in.a
  CC      drivers/pci/pci-driver.o
  CC      fs/inode.o
  CC      arch/x86/kernel/idt.o
  CC      io_uring/uring_cmd.o
  CC      net/socket.o
  CC      net/core/sock.o
  CC      arch/x86/mm/extable.o
  CC      arch/x86/events/intel/p4.o
  CC      drivers/pci/search.o
  CC      mm/util.o
  CC      arch/x86/kernel/irq.o
  CC      io_uring/openclose.o
  CC      kernel/umh.o
  CC      arch/x86/mm/mmap.o
  CC      fs/attr.o
  CC      drivers/pci/rebar.o
  CC      arch/x86/events/intel/p6.o
  CC      arch/x86/kernel/irq_64.o
  CC      mm/mmzone.o
  CC      io_uring/sqpoll.o
  CC      arch/x86/mm/pgtable.o
  CC      kernel/workqueue.o
  CC      drivers/pci/rom.o
  CC      arch/x86/events/intel/pt.o
  CC      fs/bad_inode.o
  CC      arch/x86/kernel/dumpstack_64.o
  CC      block/blk-mq-tag.o
  CC      net/core/request_sock.o
  CC      mm/vmstat.o
  CC      lib/memcat_p.o
  CC      fs/file.o
  CC      arch/x86/kernel/time.o
  CC      drivers/pci/setup-res.o
  CC      lib/nmi_backtrace.o
  CC      arch/x86/mm/physaddr.o
  CC      fs/filesystems.o
  CC      mm/backing-dev.o
  CC      net/core/skbuff.o
  CC      io_uring/xattr.o
  CC      block/blk-mq-dma.o
  AR      arch/x86/events/intel/built-in.a
  AR      arch/x86/events/built-in.a
  CC      arch/x86/kernel/ioport.o
  CC      drivers/acpi/tables.o
  CC      lib/objpool.o
  CC      drivers/pci/irq.o
  CC      arch/x86/mm/tlb.o
  AR      virt/lib/built-in.a
  AR      virt/built-in.a
  CC      drivers/acpi/osi.o
  CC      lib/plist.o
  CC      block/blk-stat.o
  CC      lib/radix-tree.o
  CC      kernel/pid.o
  CC      arch/x86/kernel/dumpstack.o
  CC      io_uring/nop.o
  CC      mm/mm_init.o
  CC      fs/namespace.o
  CC      drivers/pci/vpd.o
  CC      io_uring/fs.o
  CC      drivers/acpi/osl.o
  CC      arch/x86/mm/cpu_entry_area.o
  CC      arch/x86/kernel/nmi.o
  CC      block/blk-mq-sysfs.o
  CC      lib/ratelimit.o
  CC      net/ethernet/eth.o
  CC      lib/rbtree.o
  CC      drivers/pci/setup-bus.o
  CC      io_uring/splice.o
  CC      mm/percpu.o
  CC      kernel/task_work.o
  CC      arch/x86/mm/maccess.o
  CC      lib/seq_buf.o
  CC      drivers/acpi/utils.o
  CC      block/blk-mq-cpumap.o
  CC      arch/x86/kernel/ldt.o
  CC      arch/x86/mm/pgprot.o
  CC      kernel/extable.o
  CC      io_uring/sync.o
  CC      lib/siphash.o
  CC      drivers/acpi/reboot.o
  AR      net/ethernet/built-in.a
  CC      net/core/datagram.o
  CC      block/blk-mq-sched.o
  CC      arch/x86/mm/pat/set_memory.o
  CC      lib/string.o
  CC      mm/slab_common.o
  CC      arch/x86/kernel/setup.o
  CC      drivers/acpi/nvs.o
  CC      io_uring/msg_ring.o
  CC      lib/sys_info.o
  CC      fs/seq_file.o
  CC      drivers/pci/vc.o
  CC      kernel/params.o
  CC      block/ioctl.o
  CC      arch/x86/mm/pat/memtype.o
  CC      lib/timerqueue.o
  CC      drivers/acpi/wakeup.o
  CC      mm/compaction.o
  CC      io_uring/advise.o
  CC      drivers/pci/mmap.o
  CC      lib/vsprintf.o
  CC      arch/x86/kernel/x86_init.o
  CC      fs/xattr.o
  CC      net/core/stream.o
  CC      drivers/pnp/core.o
  CC      kernel/kthread.o
  CC      drivers/acpi/sleep.o
  CC      arch/x86/mm/pat/memtype_interval.o
  CC      block/genhd.o
  CC      mm/show_mem.o
  CC      drivers/pci/devres.o
  CC      arch/x86/kernel/i8259.o
  CC      io_uring/statx.o
  CC      drivers/pnp/card.o
  AR      arch/x86/mm/pat/built-in.a
  AR      arch/x86/mm/built-in.a
  CC      drivers/pci/msi/pcidev_msi.o
  CC      drivers/acpi/device_sysfs.o
  CC      net/core/scm.o
  CC      arch/x86/kernel/irqinit.o
  CC      fs/libfs.o
  CC      mm/interval_tree.o
  CC      kernel/sys_ni.o
  CC      io_uring/timeout.o
  CC      arch/x86/pci/i386.o
  CC      block/ioprio.o
  CC      drivers/pnp/driver.o
  AR      drivers/pci/msi/built-in.a
  CC      drivers/pci/pcie/aspm.o
  CC      drivers/acpi/device_pm.o
  CC      kernel/nsproxy.o
  CC      arch/x86/kernel/irq_work.o
  CC      mm/list_lru.o
  CC      drivers/pnp/resource.o
  CC      arch/x86/pci/init.o
  CC      net/core/gen_stats.o
  CC      io_uring/cancel.o
  CC      block/badblocks.o
  CC      lib/win_minmax.o
  CC      fs/fs-writeback.o
  CC      drivers/acpi/bus.o
  CC      kernel/nstree.o
  CC      lib/xarray.o
  CC      arch/x86/kernel/probe_roms.o
  CC      mm/workingset.o
  CC      arch/x86/pci/direct.o
  AR      drivers/pci/pcie/built-in.a
  AR      drivers/pci/pwrctrl/built-in.a
  CC      drivers/pci/proc.o
  CC      block/partitions/core.o
  CC      io_uring/waitid.o
  CC      net/core/gen_estimator.o
  CC      drivers/pnp/manager.o
  CC      kernel/nscommon.o
  CC      arch/x86/pci/fixup.o
  CC      arch/x86/kernel/sys_x86_64.o
  CC      fs/pnode.o
  CC      mm/debug.o
  CC      drivers/acpi/glue.o
  CC      drivers/pci/pci-sysfs.o
  CC      block/partitions/msdos.o
  CC      kernel/notifier.o
  CC      drivers/pnp/support.o
  CC      lib/lockref.o
  CC      io_uring/register.o
  CC      lib/bcd.o
  CC      lib/sort.o
  CC      net/core/net_namespace.o
  CC      fs/splice.o
  CC      lib/parser.o
  CC      arch/x86/kernel/espfix_64.o
  CC      arch/x86/pci/acpi.o
  CC      drivers/pnp/interface.o
  CC      mm/gup.o
  CC      drivers/acpi/scan.o
  CC      kernel/ksysfs.o
  CC      block/partitions/efi.o
  CC      lib/debug_locks.o
  CC      drivers/pci/slot.o
  CC      lib/random32.o
  CC      drivers/pnp/quirks.o
  CC      arch/x86/pci/legacy.o
  CC      arch/x86/kernel/ksysfs.o
  CC      kernel/cred.o
  CC      lib/bust_spinlocks.o
  CC      net/core/secure_seq.o
  CC      io_uring/truncate.o
  AR      block/partitions/built-in.a
  CC      block/blk-rq-qos.o
  CC      drivers/pci/pci-acpi.o
  CC      fs/sync.o
  CC      drivers/acpi/mipi-disco-img.o
  CC      arch/x86/pci/irq.o
  CC      arch/x86/kernel/bootflag.o
  CC      lib/kasprintf.o
  CC      drivers/pnp/system.o
  CC      kernel/reboot.o
  CC      io_uring/memmap.o
  CC      mm/mmap_lock.o
  CC      lib/bitmap.o
  CC      arch/x86/kernel/e820.o
  CC      drivers/acpi/resource.o
  CC      block/disk-events.o
  CC      net/core/flow_dissector.o
  CC      drivers/pnp/pnpacpi/core.o
  CC      fs/utimes.o
  CC      drivers/pci/iomap.o
  CC      io_uring/alloc_cache.o
  CC      mm/vma_init.o
  CC      arch/x86/pci/common.o
  CC      drivers/pnp/pnpacpi/rsparser.o
  CC      drivers/acpi/acpi_processor.o
  CC      lib/scatterlist.o
  CC      kernel/async.o
  CC      block/blk-ia-ranges.o
  CC      drivers/pci/quirks.o
  CC      fs/d_path.o
  CC      arch/x86/kernel/pci-dma.o
  CC      io_uring/query.o
  CC      kernel/range.o
  CC      mm/highmem.o
  CC      arch/x86/pci/early.o
  CC      kernel/smpboot.o
  CC      drivers/acpi/processor_core.o
  CC      block/early-lookup.o
  AR      drivers/pnp/pnpacpi/built-in.a
  AR      drivers/pnp/built-in.a
  CC      arch/x86/pci/bus_numa.o
  CC      arch/x86/kernel/quirks.o
  CC      fs/stack.o
  CC      io_uring/io-wq.o
  CC      lib/list_sort.o
  CC      lib/uuid.o
  CC      kernel/ucount.o
  AR      net/802/built-in.a
  AR      arch/x86/platform/atom/built-in.a
  AR      arch/x86/platform/ce4100/built-in.a
  CC      drivers/acpi/processor_pdc.o
  CC      mm/memory.o
  AR      arch/x86/platform/efi/built-in.a
  CC      net/core/sysctl_net_core.o
  AR      arch/x86/platform/geode/built-in.a
  AR      arch/x86/platform/iris/built-in.a
  AR      arch/x86/platform/intel/built-in.a
  AR      arch/x86/platform/intel-mid/built-in.a
  CC      lib/iov_iter.o
  AR      arch/x86/platform/intel-quark/built-in.a
  AR      arch/x86/platform/olpc/built-in.a
  AR      arch/x86/platform/scx200/built-in.a
  AR      block/built-in.a
  AR      arch/x86/platform/ts5500/built-in.a
  CC      drivers/pci/pci-label.o
  AR      arch/x86/platform/uv/built-in.a
  AR      arch/x86/platform/built-in.a
  AR      drivers/amba/built-in.a
  CC      arch/x86/kernel/kdebugfs.o
  CC      arch/x86/pci/amd_bus.o
  CC      fs/fs_struct.o
  CC      io_uring/futex.o
  CC      kernel/regset.o
  CC      drivers/acpi/pci_root.o
  CC      lib/clz_ctz.o
  CC      arch/x86/kernel/alternative.o
  CC      net/sched/sch_generic.o
  AR      arch/x86/pci/built-in.a
  CC      mm/mincore.o
  CC      drivers/pci/vgaarb.o
  CC      kernel/ksyms_common.o
  CC      fs/statfs.o
  CC      net/core/dev.o
  AR      arch/x86/net/built-in.a
  CC      drivers/acpi/pci_link.o
  CC      io_uring/epoll.o
  AR      drivers/clk/actions/built-in.a
  AR      drivers/clk/analogbits/built-in.a
  AR      drivers/clk/bcm/built-in.a
  AR      drivers/clk/imgtec/built-in.a
  AR      drivers/clk/imx/built-in.a
  CC      kernel/groups.o
  AR      drivers/clk/ingenic/built-in.a
  AR      drivers/clk/keystone/built-in.a
  AR      drivers/clk/mediatek/built-in.a
  AR      drivers/clk/microchip/built-in.a
  AR      drivers/clk/mstar/built-in.a
  AR      drivers/clk/mvebu/built-in.a
  AR      drivers/clk/ralink/built-in.a
  AR      drivers/clk/renesas/built-in.a
  AR      drivers/clk/socfpga/built-in.a
  AR      drivers/clk/sophgo/built-in.a
  AR      drivers/clk/spacemit/built-in.a
  AR      drivers/clk/sprd/built-in.a
  AR      drivers/clk/starfive/built-in.a
  AR      drivers/clk/sunxi-ng/built-in.a
  AR      drivers/clk/ti/built-in.a
  AR      drivers/clk/versatile/built-in.a
  AR      drivers/clk/xilinx/built-in.a
  AR      drivers/clk/built-in.a
  CC      arch/x86/kernel/i8253.o
  CC      mm/mlock.o
  CC      lib/bsearch.o
  CC      fs/fs_pin.o
  AR      drivers/pci/controller/dwc/built-in.a
  AR      drivers/pci/controller/mobiveil/built-in.a
  AR      drivers/pci/controller/plda/built-in.a
  AR      drivers/pci/controller/built-in.a
  AR      drivers/pci/switch/built-in.a
  AR      drivers/pci/built-in.a
  CC      net/netlink/af_netlink.o
  CC      drivers/acpi/pci_irq.o
  CC      net/netlink/genetlink.o
  CC      io_uring/napi.o
  CC      arch/x86/kernel/hw_breakpoint.o
  CC      kernel/sched/core.o
  CC      lib/find_bit.o
  CC      fs/nsfs.o
  CC      net/sched/sch_mq.o
  CC      drivers/acpi/acpi_apd.o
  CC      lib/llist.o
  CC      lib/lwq.o
  CC      net/core/dev_api.o
  CC      arch/x86/kernel/tsc.o
  CC      lib/memweight.o
  CC      drivers/acpi/acpi_platform.o
  CC      mm/mmap.o
  CC      lib/kfifo.o
  CC      net/sched/sch_frag.o
  CC      fs/fs_types.o
  CC      io_uring/net.o
  CC      kernel/sched/fair.o
  CC      arch/x86/virt/svm/cmdline.o
  CC      drivers/acpi/acpi_pnp.o
  CC      fs/fs_context.o
  CC      arch/x86/kernel/tsc_msr.o
  CC      net/netlink/policy.o
  AR      arch/x86/virt/svm/built-in.a
  AR      arch/x86/virt/vmx/built-in.a
  AR      arch/x86/virt/built-in.a
  AR      drivers/soc/apple/built-in.a
  AR      drivers/soc/aspeed/built-in.a
  AR      drivers/soc/bcm/built-in.a
  AR      drivers/soc/fsl/built-in.a
  AR      drivers/soc/fujitsu/built-in.a
  AR      drivers/soc/hisilicon/built-in.a
  CC      lib/percpu-refcount.o
  AR      drivers/soc/imx/built-in.a
  AR      drivers/soc/ixp4xx/built-in.a
  AR      drivers/soc/loongson/built-in.a
  AR      drivers/soc/mediatek/built-in.a
  AR      drivers/soc/microchip/built-in.a
  AR      drivers/soc/nuvoton/built-in.a
  AR      drivers/soc/pxa/built-in.a
  AR      drivers/soc/amlogic/built-in.a
  AR      drivers/soc/qcom/built-in.a
  AR      drivers/soc/renesas/built-in.a
  AR      drivers/soc/rockchip/built-in.a
  AR      drivers/soc/sophgo/built-in.a
  AR      drivers/soc/sunxi/built-in.a
  AR      drivers/soc/ti/built-in.a
  AR      drivers/soc/versatile/built-in.a
  AR      drivers/soc/vt8500/built-in.a
  AR      drivers/soc/xilinx/built-in.a
  AR      drivers/soc/built-in.a
  AR      net/bpf/built-in.a
  CC      lib/rhashtable.o
  CC      kernel/locking/mutex.o
  CC      drivers/acpi/power.o
  CC      arch/x86/kernel/io_delay.o
  AR      net/sched/built-in.a
  CC      mm/mmu_gather.o
  CC      kernel/locking/semaphore.o
  CC      kernel/locking/rwsem.o
  CC      arch/x86/kernel/rtc.o
  AR      net/netlink/built-in.a
  CC      io_uring/cmd_net.o
  CC      fs/fs_parser.o
  CC      fs/fsopen.o
  CC      drivers/acpi/event.o
  CC      mm/mprotect.o
  AR      drivers/virtio/built-in.a
  CC      net/core/dev_addr_lists.o
  CC      lib/base64.o
  CC      kernel/power/qos.o
  CC      lib/once.o
  CC      kernel/locking/percpu-rwsem.o
  CC      arch/x86/kernel/resource.o
  AS      arch/x86/kernel/irqflags.o
  CC      arch/x86/kernel/static_call.o
  CC      kernel/printk/printk.o
  CC      kernel/printk/printk_safe.o
  CC      lib/refcount.o
  CC      kernel/locking/rtmutex_api.o
  CC      io_uring/fdinfo.o
  CC      fs/init.o
  CC      lib/rcuref.o
  AR      kernel/power/built-in.a
  CC      kernel/printk/nbcon.o
  CC      drivers/acpi/evged.o
  CC      arch/x86/kernel/process.o
  CC      kernel/sched/build_policy.o
  CC      lib/usercopy.o
  CC      mm/mremap.o
  CC      net/core/dst.o
  CC      net/ethtool/ioctl.o
  CC      lib/errseq.o
  CC      drivers/acpi/sysfs.o
  AR      io_uring/built-in.a
  CC      net/ethtool/common.o
  CC      lib/bucket_locks.o
  CC      drivers/tty/tty_io.o
  CC      fs/kernel_read_file.o
  AR      kernel/locking/built-in.a
  CC      arch/x86/kernel/fpu/init.o
  CC      kernel/sched/build_utility.o
  CC      lib/generic-radix-tree.o
  CC      drivers/acpi/property.o
  CC      arch/x86/kernel/fpu/bugs.o
  CC      net/core/netevent.o
  CC      arch/x86/kernel/fpu/core.o
  CC      mm/msync.o
  CC      fs/mnt_idmapping.o
  CC      kernel/printk/printk_ringbuffer.o
  CC      lib/bitmap-str.o
  CC      net/ipv4/route.o
  CC      net/core/neighbour.o
  CC      fs/remap_range.o
  CC      mm/page_vma_mapped.o
  CC      drivers/tty/n_tty.o
  CC      kernel/printk/sysctl.o
  CC      lib/string_helpers.o
  CC      drivers/acpi/acpi_lpat.o
  CC      arch/x86/kernel/fpu/regset.o
  AR      net/ethtool/built-in.a
  CC      arch/x86/kernel/fpu/signal.o
  AR      kernel/printk/built-in.a
  CC      drivers/char/mem.o
  CC      drivers/acpi/acpi_lpit.o
  CC      arch/x86/kernel/ptrace.o
  CC      net/core/rtnetlink.o
  CC      fs/pidfs.o
  CC      lib/hexdump.o
  CC      mm/pagewalk.o
  CC      lib/kstrtox.o
  CC      drivers/acpi/acpi_mrrm.o
  CC      arch/x86/kernel/fpu/xstate.o
  CC      drivers/tty/tty_ioctl.o
  AR      kernel/sched/built-in.a
  CC      kernel/irq/irqdesc.o
  CC      drivers/char/random.o
  AR      lib/kunit/built-in.a
  CC      lib/math/div64.o
  CC      drivers/acpi/acpica/dsargs.o
  CC      lib/math/gcd.o
  CC      net/ipv4/inetpeer.o
  CC      lib/math/lcm.o
  CC      mm/pgtable-generic.o
  AR      drivers/iommu/arm/arm-smmu/built-in.a
  CC      lib/math/int_log.o
  AR      drivers/iommu/arm/arm-smmu-v3/built-in.a
  AR      drivers/iommu/arm/built-in.a
  AR      drivers/iommu/iommufd/built-in.a
  AR      drivers/iommu/built-in.a
  CC      net/unix/af_unix.o
  CC      fs/file_attr.o
  CC      kernel/irq/handle.o
  CC      lib/math/int_pow.o
  CC      lib/math/int_sqrt.o
  CC      drivers/acpi/acpica/dscontrol.o
  CC      lib/math/reciprocal_div.o
  CC      drivers/tty/tty_ldisc.o
  AR      lib/math/tests/built-in.a
  AR      lib/math/built-in.a
  CC      lib/crc/crc16.o
  CC      net/unix/garbage.o
  AR      arch/x86/kernel/fpu/built-in.a
  CC      arch/x86/kernel/step.o
  CC      drivers/acpi/acpica/dsdebug.o
  CC      kernel/irq/manage.o
  CC      drivers/char/misc.o
  CC      mm/rmap.o
  HOSTCC  lib/crc/gen_crc32table
  CC      drivers/acpi/acpica/dsfield.o
  CC      net/ipv4/protocol.o
  CC      drivers/tty/tty_buffer.o
  AS      lib/crc/x86/crc32-pclmul.o
  AS      lib/crc/x86/crc32c-3way.o
  CC      fs/buffer.o
  AR      lib/crc/tests/built-in.a
  GEN     lib/crc/crc32table.h
  CC      lib/crc/crc32-main.o
  CC      arch/x86/kernel/i8237.o
  AR      drivers/char/agp/built-in.a
  AR      drivers/char/built-in.a
  CC      fs/mpage.o
  CC      drivers/acpi/acpica/dsinit.o
  CC      drivers/tty/tty_port.o
  CC      arch/x86/kernel/stacktrace.o
  AR      lib/crc/built-in.a
  CC      lib/crypto/blake2s.o
  CC      kernel/rcu/update.o
  CC      drivers/acpi/acpica/dsmethod.o
  CC      kernel/irq/spurious.o
  CC      net/unix/sysctl_net_unix.o
  CC      net/ipv4/ip_input.o
  CC      arch/x86/kernel/cpu/cacheinfo.o
  CC      drivers/acpi/acpica/dsmthdat.o
  CC      kernel/irq/resend.o
  AS      lib/crypto/x86/blake2s-core.o
  CC      lib/crypto/chacha-block-generic.o
  CC      drivers/tty/tty_mutex.o
  CC      mm/vmalloc.o
  CC      kernel/rcu/sync.o
  CC      drivers/acpi/container.o
  CC      lib/crypto/sha1.o
  CC      net/core/utils.o
  CC      kernel/rcu/srcutiny.o
  CC      drivers/acpi/acpica/dsobject.o
  CC      kernel/irq/chip.o
  CC      net/ipv6/af_inet6.o
  CC      drivers/tty/tty_ldsem.o
  CC      arch/x86/kernel/cpu/scattered.o
  AR      net/unix/built-in.a
  CC      net/ipv6/anycast.o
  CC      fs/proc_namespace.o
  AS      lib/crypto/x86/sha1-ssse3-and-avx.o
  CC      drivers/acpi/acpica/dsopcode.o
  AS      lib/crypto/x86/sha1-avx2-asm.o
  CC      kernel/rcu/tiny.o
  AS      lib/crypto/x86/sha1-ni-asm.o
  CC      lib/crypto/sha256.o
  CC      net/ipv4/ip_fragment.o
  CC      arch/x86/kernel/cpu/topology_common.o
  CC      drivers/acpi/acpica/dspkginit.o
  CC      drivers/tty/tty_baudrate.o
  CC      net/core/link_watch.o
  CC      kernel/irq/dummychip.o
  AR      kernel/rcu/built-in.a
  CC      drivers/tty/tty_jobctrl.o
  CC      fs/direct-io.o
  CC      arch/x86/kernel/cpu/topology_ext.o
  AS      lib/crypto/x86/sha256-ssse3-asm.o
  AS      lib/crypto/x86/sha256-avx-asm.o
  CC      drivers/acpi/acpica/dsutils.o
  AS      lib/crypto/x86/sha256-avx2-asm.o
  AS      lib/crypto/x86/sha256-ni-asm.o
  AR      lib/crypto/built-in.a
  AR      lib/tests/built-in.a
  CC      lib/vdso/datastore.o
  CC      kernel/irq/devres.o
  AR      drivers/gpu/host1x/built-in.a
  CC      arch/x86/kernel/acpi/boot.o
  AR      drivers/gpu/drm/tests/built-in.a
  AR      drivers/gpu/drm/arm/built-in.a
  AR      drivers/gpu/drm/clients/built-in.a
  AR      drivers/gpu/drm/display/built-in.a
  AR      drivers/gpu/drm/renesas/rcar-du/built-in.a
  CC      arch/x86/kernel/cpu/topology_amd.o
  AR      drivers/gpu/drm/renesas/rz-du/built-in.a
  AR      drivers/gpu/drm/renesas/built-in.a
  AR      drivers/gpu/drm/omapdrm/built-in.a
  AR      drivers/gpu/drm/tilcdc/built-in.a
  AR      drivers/gpu/drm/imx/built-in.a
  AR      drivers/gpu/drm/panel/built-in.a
  AR      drivers/gpu/drm/bridge/analogix/built-in.a
  CC      drivers/tty/n_null.o
  AR      drivers/gpu/drm/bridge/cadence/built-in.a
  AR      drivers/gpu/drm/bridge/imx/built-in.a
  CC      drivers/acpi/acpica/dswexec.o
  AR      drivers/gpu/drm/bridge/synopsys/built-in.a
  AR      drivers/gpu/drm/bridge/built-in.a
  AR      drivers/gpu/drm/hisilicon/built-in.a
  AR      drivers/gpu/drm/mxsfb/built-in.a
  AR      drivers/gpu/drm/sysfb/built-in.a
  AR      drivers/gpu/drm/tiny/built-in.a
  AR      drivers/gpu/drm/xlnx/built-in.a
  AR      drivers/gpu/drm/gud/built-in.a
  CC      mm/vma.o
  AR      drivers/gpu/drm/sitronix/built-in.a
  AR      drivers/gpu/drm/solomon/built-in.a
  CC      net/ipv6/ip6_output.o
  AR      drivers/gpu/drm/built-in.a
  AR      drivers/gpu/vga/built-in.a
  AR      drivers/gpu/built-in.a
  CC      drivers/acpi/acpi_memhotplug.o
  AR      lib/vdso/built-in.a
  CC      kernel/irq/kexec.o
  CC      lib/iomap.o
  CC      net/core/filter.o
  CC      net/ipv4/ip_forward.o
  AR      fs/notify/dnotify/built-in.a
  AR      fs/notify/inotify/built-in.a
  AR      fs/notify/fanotify/built-in.a
  AR      fs/notify/built-in.a
  CC      fs/eventpoll.o
  CC      arch/x86/kernel/cpu/common.o
  CC      drivers/acpi/acpica/dswload.o
  CC      kernel/irq/autoprobe.o
  CC      drivers/tty/pty.o
  CC      drivers/tty/vt/vt_ioctl.o
  CC      lib/iomap_copy.o
  AR      arch/x86/kernel/acpi/built-in.a
  AR      kernel/livepatch/built-in.a
  CC      net/packet/af_packet.o
  CC      drivers/acpi/acpica/dswload2.o
  CC      lib/devres.o
  CC      kernel/irq/irqdomain.o
  CC      net/ipv4/ip_options.o
  CC      drivers/acpi/acpica/dswscope.o
  CC      mm/vma_exec.o
  CC      lib/bitrev.o
  CC      drivers/tty/vt/vc_screen.o
  CC      lib/zlib_inflate/inffast.o
  CC      drivers/acpi/acpica/dswstate.o
  CC      fs/anon_inodes.o
  CC      lib/zlib_inflate/inflate.o
  CC      net/ipv6/ip6_input.o
  CC      arch/x86/kernel/cpu/rdrand.o
  CC      arch/x86/kernel/cpu/match.o
  CC      kernel/irq/proc.o
  CC      drivers/base/component.o
  CC      drivers/acpi/acpica/evevent.o
  CC      mm/mseal.o
  CC      lib/zlib_inflate/infutil.o
  CC      drivers/tty/vt/selection.o
  CC      arch/x86/kernel/cpu/bugs.o
  CC      net/ipv4/ip_output.o
  CC      fs/signalfd.o
  CC      drivers/acpi/acpica/evgpe.o
  CC      kernel/irq/msi.o
  CC      lib/zlib_inflate/inftrees.o
  CC      lib/zlib_inflate/inflate_syms.o
  CC      drivers/base/core.o
  CC      mm/page_alloc.o
  CC      drivers/acpi/acpica/evgpeblk.o
  CC      drivers/tty/vt/keyboard.o
  CC      net/ipv6/addrconf.o
  AR      lib/zlib_inflate/built-in.a
  CC      lib/syscall.o
  CC      fs/timerfd.o
  AR      net/packet/built-in.a
  CC      arch/x86/kernel/reboot.o
  CC      drivers/acpi/acpica/evgpeinit.o
  CC      kernel/irq/matrix.o
  CC      lib/nlattr.o
  CC      drivers/acpi/acpica/evgpeutil.o
  CC      arch/x86/kernel/cpu/aperfmperf.o
  CC      net/core/sock_diag.o
  CC      fs/eventfd.o
  CC      drivers/tty/vt/vt.o
  CC      drivers/acpi/acpica/evglock.o
  AR      kernel/irq/built-in.a
  CC      kernel/dma/mapping.o
  CC      arch/x86/kernel/cpu/cpuid-deps.o
  CC      net/ipv4/ip_sockglue.o
  CC      drivers/acpi/acpica/evhandler.o
  CC      lib/glob.o
  CC      arch/x86/kernel/cpu/cpuid_0x2_table.o
  CC      fs/aio.o
  CC      drivers/base/bus.o
  CC      drivers/acpi/acpica/evmisc.o
  CC      lib/strncpy_from_user.o
  COPY    drivers/tty/vt/defkeymap.c
  CC      kernel/entry/common.o
  CC      kernel/dma/direct.o
  CC      arch/x86/kernel/cpu/umwait.o
  CC      net/core/dev_ioctl.o
  CC      mm/page_frag_cache.o
  CC      drivers/acpi/acpica/evregion.o
  CC      lib/strnlen_user.o
  CC      drivers/base/dd.o
  CC      drivers/acpi/acpica/evrgnini.o
  MKCAP   arch/x86/kernel/cpu/capflags.c
  CC      kernel/entry/syscall-common.o
  CC      kernel/dma/swiotlb.o
  CC      net/ipv4/inet_hashtables.o
  CC      net/ipv6/addrlabel.o
  CC      mm/init-mm.o
  CC      lib/net_utils.o
  CC      drivers/acpi/acpica/evsci.o
  CC      fs/locks.o
  CC      drivers/tty/vt/consolemap.o
  CC      net/core/tso.o
  CC      drivers/base/syscore.o
  CC      drivers/acpi/acpica/evxface.o
  CC      mm/memblock.o
  CC      kernel/entry/syscall_user_dispatch.o
  CC      lib/sg_pool.o
  CC      kernel/dma/remap.o
  CC      drivers/acpi/acpica/evxfevnt.o
  HOSTCC  drivers/tty/vt/conmakehash
  AR      kernel/entry/built-in.a
  CC      lib/stackdepot.o
  CC      drivers/base/driver.o
  CC      net/ipv6/route.o
  CC      net/ipv6/ip6_fib.o
  COPY    drivers/tty/vt/ucs_width_table.h
  COPY    drivers/tty/vt/ucs_recompose_table.h
  COPY    drivers/tty/vt/ucs_fallback_table.h
  CC      drivers/acpi/acpica/evxfgpe.o
  CC      drivers/tty/vt/defkeymap.o
  CC      net/core/sock_reuseport.o
  AR      kernel/dma/built-in.a
  CC      kernel/unwind/user.o
  CONMK   drivers/tty/vt/consolemap_deftbl.c
  CC      fs/binfmt_script.o
  CC      drivers/tty/vt/ucs.o
  CC      drivers/base/class.o
  CC      net/ipv4/inet_timewait_sock.o
  CC      mm/slub.o
  CC      drivers/tty/vt/consolemap_deftbl.o
  AR      drivers/tty/vt/built-in.a
  CC      drivers/tty/serial/serial_core.o
  CC      drivers/acpi/acpica/evxfregn.o
  CC      kernel/unwind/deferred.o
  CC      lib/sbitmap.o
  CC      fs/binfmt_elf.o
  CC      drivers/acpi/acpica/exconcat.o
  CC      drivers/base/platform.o
  AR      kernel/unwind/built-in.a
  CC      kernel/stacktrace.o
  CC      drivers/acpi/acpica/exconfig.o
  CC      net/core/fib_notifier.o
  CC      lib/group_cpus.o
  CC      net/ipv4/inet_connection_sock.o
  CC      fs/mbcache.o
  CC      drivers/acpi/acpica/exconvrt.o
  CC      kernel/time/time.o
  CC      lib/fw_table.o
  CC      drivers/base/cpu.o
  AR      lib/lib.a
  CC      fs/posix_acl.o
  CC      drivers/acpi/acpica/excreate.o
  CC      net/core/xdp.o
  CC      drivers/tty/serial/serial_base_bus.o
  CC      drivers/acpi/ioapic.o
  AR      lib/built-in.a
  CC      arch/x86/kernel/early-quirks.o
  CC      drivers/acpi/acpica/exdebug.o
  CC      drivers/tty/serial/serial_ctrl.o
  CC      kernel/time/timer.o
  CC      drivers/base/firmware.o
  CC      net/ipv6/ipv6_sockglue.o
  CC      drivers/acpi/acpica/exdump.o
  CC      drivers/acpi/acpica/exfield.o
  CC      fs/coredump.o
  CC      drivers/base/init.o
  CC      drivers/block/loop.o
  AR      net/dsa/built-in.a
  CC      arch/x86/kernel/cpu/powerflags.o
  CC      mm/madvise.o
  CC      net/ipv4/tcp.o
  CC      drivers/tty/serial/serial_port.o
  AR      drivers/tty/ipwireless/built-in.a
  CC      kernel/futex/core.o
  CC      drivers/acpi/acpica/exfldio.o
  CC      net/core/flow_offload.o
  CC      arch/x86/kernel/cpu/topology.o
  CC      drivers/base/map.o
  CC      kernel/time/hrtimer.o
  CC      drivers/tty/serial/earlycon.o
  CC      drivers/acpi/acpica/exmisc.o
  CC      arch/x86/kernel/cpu/proc.o
  CC      drivers/base/devres.o
  CC      drivers/acpi/acpica/exmutex.o
  CC      kernel/futex/syscalls.o
  AR      drivers/block/built-in.a
  CC      drivers/acpi/acpica/exnames.o
  CC      mm/dmapool.o
  CC      drivers/tty/serial/8250/8250_core.o
  CC      net/core/gro.o
  CC      net/ipv6/ndisc.o
  CC      fs/drop_caches.o
  CC      arch/x86/kernel/cpu/feat_ctl.o
  CC      drivers/tty/serial/8250/8250_platform.o
  CC      kernel/time/sleep_timeout.o
  CC      drivers/base/attribute_container.o
  CC      drivers/acpi/acpica/exoparg1.o
  CC      mm/sparse.o
  CC      arch/x86/kernel/cpu/intel.o
  CC      fs/sysctls.o
  CC      kernel/futex/pi.o
  CC      drivers/base/transport_class.o
  CC      kernel/time/timekeeping.o
  CC      drivers/acpi/acpica/exoparg2.o
  CC      fs/fhandle.o
  CC      drivers/tty/serial/8250/8250_pnp.o
  CC      kernel/time/ntp.o
  CC      arch/x86/kernel/cpu/tsx.o
  CC      drivers/base/topology.o
  CC      drivers/acpi/acpica/exoparg3.o
  CC      mm/sparse-vmemmap.o
  CC      kernel/futex/requeue.o
  CC      arch/x86/kernel/cpu/amd.o
  CC      net/core/netdev-genl.o
  CC      drivers/tty/serial/8250/8250_port.o
  CC      drivers/acpi/acpica/exoparg6.o
  CC      net/core/netdev-genl-gen.o
  CC      net/ipv4/tcp_input.o
  CC      net/ipv6/udp.o
  CC      drivers/base/container.o
  CC      fs/iomap/trace.o
  CC      drivers/acpi/acpica/exprep.o
  CC      kernel/futex/waitwake.o
  CC      kernel/time/clocksource.o
  CC      drivers/base/property.o
  CC      arch/x86/kernel/cpu/amd_cache_disable.o
  CC      mm/early_ioremap.o
  CC      fs/iomap/iter.o
  CC      drivers/acpi/acpica/exregion.o
  CC      net/sysctl_net.o
  AR      kernel/futex/built-in.a
  CC      net/core/gso.o
  CC      kernel/time/jiffies.o
  CC      net/ipv4/tcp_output.o
  CC      drivers/acpi/acpica/exresnte.o
  CC      arch/x86/kernel/cpu/hygon.o
  CC      mm/secretmem.o
  CC      fs/iomap/buffered-io.o
  CC      kernel/time/timer_list.o
  CC      drivers/base/cacheinfo.o
  CC      drivers/acpi/acpica/exresolv.o
  CC      drivers/tty/serial/8250/8250_early.o
  CC      arch/x86/kernel/cpu/centaur.o
  AR      drivers/misc/eeprom/built-in.a
  AR      drivers/misc/cb710/built-in.a
  AR      drivers/misc/lis3lv02d/built-in.a
  AR      drivers/misc/cardreader/built-in.a
  AR      drivers/misc/keba/built-in.a
  AR      drivers/misc/amd-sbi/built-in.a
  AR      drivers/misc/built-in.a
  CC      kernel/time/timeconv.o
  CC      net/ipv6/udplite.o
  CC      drivers/acpi/acpica/exresop.o
  CC      net/core/net-sysfs.o
  CC      mm/memfd.o
  CC      arch/x86/kernel/cpu/zhaoxin.o
  AR      drivers/acpi/pmic/built-in.a
  CC      arch/x86/kernel/tsc_sync.o
  CC      drivers/base/swnode.o
  AR      drivers/tty/serial/8250/built-in.a
  AR      drivers/tty/serial/built-in.a
  AR      drivers/tty/built-in.a
  AR      fs/quota/built-in.a
  CC      kernel/dma.o
  CC      kernel/time/timecounter.o
  CC      kernel/time/alarmtimer.o
  CC      drivers/acpi/acpica/exserial.o
  CC      arch/x86/kernel/cpu/mtrr/mtrr.o
  CC      arch/x86/kernel/cpu/microcode/core.o
  CC      fs/iomap/direct-io.o
  CC      net/ipv4/tcp_timer.o
  CC      drivers/acpi/acpica/exstore.o
  CC      net/ipv6/raw.o
  AR      mm/built-in.a
  CC      net/ipv6/icmp.o
  CC      kernel/time/posix-timers.o
  CC      drivers/base/faux.o
  CC      drivers/acpi/acpica/exstoren.o
  CC      arch/x86/kernel/cpu/mtrr/if.o
  CC      arch/x86/kernel/cpu/microcode/intel.o
  CC      net/core/hotdata.o
  CC      drivers/base/devtmpfs.o
  CC      drivers/acpi/acpica/exstorob.o
  CC      fs/iomap/ioend.o
  CC      net/vmw_vsock/af_vsock.o
  CC      net/ipv6/mcast.o
  CC      arch/x86/kernel/cpu/mtrr/generic.o
  CC      drivers/acpi/acpica/exsystem.o
  CC      arch/x86/kernel/cpu/microcode/amd.o
  CC      kernel/time/posix-cpu-timers.o
  CC      net/ipv4/tcp_ipv4.o
  CC      net/core/netdev_rx_queue.o
  CC      drivers/acpi/dptf/int340x_thermal.o
  AR      drivers/mfd/built-in.a
  CC      fs/proc/task_mmu.o
  CC      fs/iomap/fiemap.o
  CC      drivers/acpi/acpica/extrace.o
  AR      drivers/base/power/built-in.a
  CC      drivers/base/firmware_loader/main.o
  CC      arch/x86/kernel/cpu/mtrr/cleanup.o
  AR      drivers/acpi/dptf/built-in.a
  CC      arch/x86/kernel/mpparse.o
  CC      drivers/acpi/acpica/exutils.o
  AR      arch/x86/kernel/cpu/microcode/built-in.a
  CC      kernel/up.o
  CC      fs/iomap/seek.o
  CC      kernel/time/posix-clock.o
  CC      net/vmw_vsock/af_vsock_tap.o
  CC      net/core/netdev_queues.o
  CC      drivers/acpi/acpica/hwacpi.o
  CC      net/ipv4/tcp_minisocks.o
  CC      drivers/base/firmware_loader/builtin/main.o
  AR      arch/x86/kernel/cpu/mtrr/built-in.a
  CC      arch/x86/kernel/cpu/perfctr-watchdog.o
  CC      drivers/acpi/acpica/hwesleep.o
  CC      net/ipv6/reassembly.o
  AR      drivers/base/firmware_loader/builtin/built-in.a
  AR      drivers/base/firmware_loader/built-in.a
  CC      drivers/base/platform-msi.o
  AR      fs/iomap/built-in.a
  CC      drivers/base/physical_location.o
  CC      fs/proc/inode.o
  CC      net/core/net-procfs.o
  CC      kernel/time/itimer.o
  CC      arch/x86/kernel/cpu/vmware.o
  CC      drivers/acpi/acpica/hwgpe.o
  CC      net/vmw_vsock/vsock_addr.o
  CC      net/vmw_vsock/hyperv_transport.o
  AR      drivers/base/test/built-in.a
  AR      drivers/base/built-in.a
  CC      drivers/acpi/x86/apple.o
  CC      net/ipv4/tcp_cong.o
  CC      kernel/kallsyms.o
  CC      drivers/acpi/acpica/hwregs.o
  CC      fs/proc/root.o
  CC      arch/x86/kernel/cpu/hypervisor.o
  CC      arch/x86/kernel/apic/apic.o
  CC      kernel/time/clockevents.o
  CC      drivers/acpi/x86/cmos_rtc.o
  CC      net/core/netpoll.o
  CC      net/ipv6/tcp_ipv6.o
  CC      arch/x86/kernel/apic/apic_common.o
  CC      drivers/acpi/acpica/hwsleep.o
  CC      arch/x86/kernel/cpu/mshyperv.o
  CC      fs/proc/base.o
  AR      net/vmw_vsock/built-in.a
  CC      fs/kernfs/mount.o
  CC      kernel/time/tick-common.o
  CC      kernel/time/tick-broadcast.o
  AR      drivers/nfc/built-in.a
  CC      net/ipv4/tcp_metrics.o
  CC      drivers/acpi/acpica/hwvalid.o
  CC      drivers/acpi/x86/lpss.o
  CC      drivers/acpi/x86/s2idle.o
  CC      drivers/acpi/acpica/hwxface.o
  CC      arch/x86/kernel/apic/apic_noop.o
  CC      arch/x86/kernel/trace_clock.o
  CC      arch/x86/kernel/cpu/capflags.o
  CC      fs/kernfs/inode.o
  AR      arch/x86/kernel/cpu/built-in.a
  CC      fs/kernfs/dir.o
  CC      kernel/time/tick-broadcast-hrtimer.o
  AR      net/core/built-in.a
  CC      kernel/time/tick-oneshot.o
  CC      fs/kernfs/file.o
  CC      net/ipv6/ping.o
  CC      drivers/acpi/x86/utils.o
  CC      drivers/acpi/acpica/hwxfsleep.o
  CC      arch/x86/kernel/apic/ipi.o
  CC      fs/proc/generic.o
  CC      kernel/time/tick-sched.o
  CC      drivers/acpi/acpica/hwpci.o
  CC      net/ipv4/tcp_fastopen.o
  CC      fs/sysfs/file.o
  CC      arch/x86/kernel/apic/vector.o
  UPD     kernel/config_data
  AR      drivers/dax/hmem/built-in.a
  AR      drivers/dax/built-in.a
  AR      arch/x86/kernel/kprobes/built-in.a
  CC      net/ipv6/exthdrs.o
  CC      drivers/acpi/x86/blacklist.o
  CC      kernel/time/vsyscall.o
  CC      drivers/acpi/acpica/nsaccess.o
  CC      net/ipv4/tcp_rate.o
  CC      fs/kernfs/symlink.o
  CC      fs/proc/array.o
  AR      drivers/acpi/x86/built-in.a
  CC      fs/devpts/inode.o
  CC      fs/sysfs/dir.o
  CC      kernel/utsname_sysctl.o
  AR      kernel/time/built-in.a
  AR      drivers/cxl/core/built-in.a
  AR      drivers/cxl/built-in.a
  CC      arch/x86/kernel/early_printk.o
  CC      drivers/acpi/acpica/nsalloc.o
  CC      arch/x86/kernel/apic/init.o
  CC      kernel/irq_work.o
  CC      kernel/bpf/core.o
  CC      drivers/acpi/acpica/nsarguments.o
  CC      fs/sysfs/symlink.o
  CC      arch/x86/kernel/apic/hw_nmi.o
  AR      fs/kernfs/built-in.a
  CC      fs/proc/fd.o
  CC      net/ipv6/datagram.o
  AR      fs/devpts/built-in.a
  AR      drivers/macintosh/built-in.a
  CC      drivers/scsi/scsi.o
  AR      drivers/nvme/common/built-in.a
  CC      drivers/ata/libata-core.o
  AR      drivers/nvme/host/built-in.a
  AR      drivers/nvme/target/built-in.a
  AR      drivers/nvme/built-in.a
  CC      drivers/scsi/hosts.o
  CC      drivers/acpi/acpica/nsconvert.o
  CC      net/ipv6/ip6_flowlabel.o
  CC      drivers/scsi/scsi_ioctl.o
  CC      net/ipv4/tcp_recovery.o
  CC      arch/x86/kernel/apic/io_apic.o
  CC      fs/sysfs/mount.o
  CC      drivers/acpi/acpica/nsdump.o
  CC      fs/proc/proc_tty.o
  CC      drivers/acpi/acpica/nseval.o
  CC      kernel/static_call.o
  CC      fs/ext4/balloc.o
  CC      drivers/scsi/scsicam.o
  CC      fs/sysfs/group.o
  CC      drivers/acpi/acpica/nsinit.o
  CC      net/ipv4/tcp_ulp.o
  CC      arch/x86/kernel/apic/x2apic_phys.o
  CC      fs/ext4/bitmap.o
  AR      kernel/bpf/built-in.a
  CC      kernel/static_call_inline.o
  CC      fs/proc/cmdline.o
  CC      net/ipv6/inet6_connection_sock.o
  CC      drivers/acpi/acpica/nsload.o
  CC      drivers/scsi/scsi_error.o
  CC      drivers/net/loopback.o
  AR      fs/sysfs/built-in.a
  CC      arch/x86/kernel/hpet.o
  CC      arch/x86/kernel/apic/x2apic_cluster.o
  CC      kernel/events/core.o
  CC      drivers/ata/libata-scsi.o
  CC      fs/proc/consoles.o
  CC      drivers/acpi/acpica/nsnames.o
  CC      fs/ext4/block_validity.o
  CC      net/ipv4/tcp_offload.o
  CC      net/ipv6/udp_offload.o
  CC      arch/x86/kernel/apic/apic_flat_64.o
  CC      drivers/scsi/scsi_lib.o
  CC      drivers/acpi/acpica/nsobject.o
  AR      drivers/firewire/built-in.a
  AR      drivers/cdrom/built-in.a
  CC      fs/jbd2/transaction.o
  CC      fs/proc/cpuinfo.o
  CC      drivers/net/netconsole.o
  CC      fs/ext4/dir.o
  CC      arch/x86/kernel/apic/probe_64.o
  CC      drivers/acpi/acpica/nsparse.o
  AR      drivers/net/phy/mediatek/built-in.a
  AR      drivers/net/phy/qcom/built-in.a
  AR      drivers/net/phy/built-in.a
  CC      net/ipv4/tcp_plb.o
  CC      fs/proc/devices.o
  CC      drivers/acpi/acpica/nspredef.o
  AR      arch/x86/kernel/apic/built-in.a
  CC      arch/x86/kernel/amd_nb.o
  CC      net/ipv6/seg6.o
  CC      drivers/ata/libata-eh.o
  CC      drivers/acpi/acpica/nsprepkg.o
  CC      kernel/iomem.o
  AR      drivers/net/pse-pd/built-in.a
  AR      drivers/net/mdio/built-in.a
  AR      drivers/net/pcs/built-in.a
  CC      fs/ext4/ext4_jbd2.o
  CC      fs/jbd2/commit.o
  AR      drivers/net/ethernet/intel/libie/built-in.a
  CC      drivers/net/ethernet/intel/e1000/e1000_main.o
  CC      fs/proc/interrupts.o
  CC      net/ipv4/datagram.o
  CC      arch/x86/kernel/amd_node.o
  CC      drivers/scsi/scsi_lib_dma.o
  CC      drivers/acpi/acpica/nsrepair.o
  CC      fs/proc/loadavg.o
  CC      fs/jbd2/recovery.o
  CC      net/ipv6/fib6_notifier.o
  CC      drivers/acpi/acpica/nsrepair2.o
  CC      fs/ext4/extents.o
  CC      drivers/scsi/scsi_scan.o
  CC      arch/x86/kernel/paravirt.o
  CC      kernel/rseq.o
  CC      fs/proc/meminfo.o
  CC      drivers/acpi/acpica/nssearch.o
  CC      net/ipv4/raw.o
  CC      fs/jbd2/checkpoint.o
  CC      net/ipv6/rpl.o
  CC      drivers/acpi/acpica/nsutils.o
  CC      drivers/ata/libata-transport.o
  CC      arch/x86/kernel/pcspeaker.o
  CC      fs/proc/stat.o
  CC      kernel/events/ring_buffer.o
  CC      drivers/acpi/acpica/nswalk.o
  GEN     drivers/scsi/scsi_devinfo_tbl.c
  CC      drivers/scsi/scsi_devinfo.o
  CC      arch/x86/kernel/perf_regs.o
  CC      fs/jbd2/revoke.o
  CC      fs/proc/uptime.o
  CC      drivers/acpi/acpica/nsxfeval.o
  CC      drivers/ata/libata-trace.o
  CC      drivers/net/ethernet/intel/e1000/e1000_hw.o
  CC      net/ipv4/udp.o
  CC      net/ipv6/ioam6.o
  CC      drivers/scsi/scsi_sysctl.o
  AR      drivers/auxdisplay/built-in.a
  CC      fs/squashfs/block.o
  CC      kernel/events/callchain.o
  CC      arch/x86/kernel/umip.o
  CC      drivers/acpi/acpica/nsxfname.o
  CC      fs/proc/util.o
  CC      fs/jbd2/journal.o
  CC      drivers/ata/libata-sata.o
  CC      drivers/scsi/scsi_trace.o
  CC      drivers/acpi/acpica/nsxfobj.o
  CC      fs/ext4/extents_status.o
  CC      fs/squashfs/cache.o
  CC      kernel/events/hw_breakpoint.o
  CC      fs/proc/version.o
  CC      arch/x86/kernel/unwind_frame.o
  CC      drivers/acpi/acpica/psargs.o
  CC      drivers/scsi/scsi_logging.o
  CC      drivers/ata/libata-sff.o
  CC      fs/proc/softirqs.o
  CC      drivers/acpi/acpica/psloop.o
  CC      net/ipv6/sysctl_net_ipv6.o
  CC      fs/squashfs/dir.o
  CC      arch/x86/kernel/vsmp_64.o
  AR      fs/jbd2/built-in.a
  CC      drivers/scsi/scsi_common.o
  CC      drivers/net/ethernet/intel/e1000/e1000_ethtool.o
  AR      kernel/events/built-in.a
  GZIP    kernel/config_data.gz
  CC      kernel/configs.o
  CC      fs/ext4/file.o
  CC      drivers/acpi/acpica/psobject.o
  CC      drivers/ata/ata_piix.o
  CC      fs/proc/namespaces.o
  LDS     arch/x86/kernel/vmlinux.lds
  CC      drivers/scsi/storvsc_drv.o
  AR      arch/x86/kernel/built-in.a
  AR      arch/x86/built-in.a
  CC      net/ipv6/proc.o
  CC      fs/squashfs/export.o
  CC      net/ipv4/udplite.o
  CC      drivers/acpi/acpica/psopcode.o
  AR      kernel/built-in.a
  AR      drivers/usb/built-in.a
  CC      fs/ramfs/inode.o
  CC      drivers/net/ethernet/intel/e1000/e1000_param.o
  CC      fs/squashfs/file.o
  CC      fs/ramfs/file-mmu.o
  CC      fs/ext4/fsmap.o
  CC      drivers/acpi/acpica/psopinfo.o
  CC      fs/proc/self.o
  AR      drivers/ata/built-in.a
  CC      drivers/scsi/sd.o
  CC      net/ipv4/udp_offload.o
  CC      fs/fat/cache.o
  CC      drivers/acpi/acpica/psparse.o
  CC      fs/fat/dir.o
  CC      net/ipv6/addrconf_core.o
  CC      fs/ext4/fsync.o
  CC      fs/proc/thread_self.o
  AR      fs/ramfs/built-in.a
  CC      fs/squashfs/fragment.o
  CC      drivers/acpi/acpica/psscope.o
  CC      drivers/input/input.o
  AR      drivers/net/ethernet/intel/e1000/built-in.a
  AR      drivers/net/ethernet/intel/built-in.a
  CC      drivers/scsi/scsi_sysfs.o
  AR      drivers/net/ethernet/built-in.a
  AR      drivers/net/built-in.a
  CC      fs/fat/fatent.o
  CC      fs/proc/proc_sysctl.o
  CC      fs/squashfs/id.o
  CC      fs/ext4/hash.o
  CC      fs/proc/proc_net.o
  CC      drivers/acpi/acpica/pstree.o
  CC      net/ipv6/exthdrs_core.o
  CC      net/ipv4/arp.o
  CC      fs/exportfs/expfs.o
  CC      drivers/acpi/acpica/psutils.o
  CC      fs/squashfs/inode.o
  CC      drivers/input/input-compat.o
  CC      drivers/rtc/lib.o
  CC      fs/fat/file.o
  AR      drivers/scsi/built-in.a
  CC      drivers/rtc/class.o
  CC      fs/ext4/ialloc.o
  CC      drivers/acpi/acpica/pswalk.o
  CC      fs/nls/nls_base.o
  CC      fs/proc/kmsg.o
  AR      fs/exportfs/built-in.a
  CC      drivers/acpi/acpica/psxface.o
  CC      fs/nls/nls_cp437.o
  CC      net/ipv6/ip6_checksum.o
  CC      fs/squashfs/namei.o
  CC      drivers/input/input-mt.o
  CC      net/ipv4/icmp.o
  CC      drivers/rtc/interface.o
  CC      drivers/rtc/rtc-mc146818-lib.o
  CC      fs/proc/page.o
  CC      drivers/acpi/acpica/rsaddr.o
  CC      fs/nls/nls_iso8859-1.o
  CC      fs/fat/inode.o
  CC      fs/squashfs/super.o
  CC      drivers/acpi/acpica/rscalc.o
  CC      drivers/input/input-poller.o
  AR      drivers/i2c/algos/built-in.a
  AR      fs/nls/built-in.a
  CC      fs/ext4/indirect.o
  AR      drivers/i2c/busses/built-in.a
  CC      net/ipv6/ip6_icmp.o
  AR      drivers/i2c/muxes/built-in.a
  AR      drivers/i2c/built-in.a
  CC      fs/fat/misc.o
  CC      drivers/acpi/acpica/rscreate.o
  CC      fs/squashfs/symlink.o
  AR      drivers/rtc/built-in.a
  CC      drivers/input/ff-core.o
  AR      fs/proc/built-in.a
  CC      net/ipv4/devinet.o
  CC      fs/ext4/inline.o
  CC      drivers/acpi/acpica/rsdumpinfo.o
  CC      fs/fat/nfs.o
  CC      net/ipv6/output_core.o
  CC      fs/squashfs/decompressor.o
  CC      drivers/acpi/acpica/rsinfo.o
  AR      drivers/i3c/built-in.a
  AR      fs/unicode/built-in.a
  CC      drivers/input/touchscreen.o
  CC      net/ipv4/af_inet.o
  CC      fs/ext4/inode.o
  CC      fs/squashfs/page_actor.o
  CC      drivers/acpi/acpica/rsio.o
  AR      drivers/media/i2c/built-in.a
  AR      drivers/media/tuners/built-in.a
  AR      fs/hostfs/built-in.a
  AR      drivers/media/rc/keymaps/built-in.a
  CC      drivers/acpi/acpica/rsirq.o
  AR      drivers/media/rc/built-in.a
  AR      drivers/media/common/b2c2/built-in.a
  AR      drivers/media/common/saa7146/built-in.a
  AR      drivers/media/common/siano/built-in.a
  AR      drivers/media/common/v4l2-tpg/built-in.a
  AR      drivers/media/common/videobuf2/built-in.a
  AR      drivers/media/common/built-in.a
  AR      drivers/media/platform/allegro-dvt/built-in.a
  CC      fs/fat/namei_vfat.o
  AR      drivers/media/platform/amlogic/c3/isp/built-in.a
  AR      drivers/media/platform/amlogic/c3/mipi-adapter/built-in.a
  AR      drivers/media/platform/amlogic/c3/mipi-csi2/built-in.a
  AR      drivers/media/platform/amlogic/c3/built-in.a
  AR      drivers/media/platform/amlogic/meson-ge2d/built-in.a
  AR      drivers/media/platform/amlogic/built-in.a
  AR      drivers/media/platform/amphion/built-in.a
  CC      net/ipv6/protocol.o
  AR      drivers/media/platform/aspeed/built-in.a
  CC      drivers/input/touch-overlay.o
  AR      drivers/media/platform/atmel/built-in.a
  AR      drivers/media/platform/broadcom/built-in.a
  AR      drivers/media/platform/cadence/built-in.a
  AR      drivers/media/platform/chips-media/coda/built-in.a
  AR      drivers/media/platform/chips-media/wave5/built-in.a
  AR      drivers/media/platform/chips-media/built-in.a
  AR      drivers/media/platform/imagination/built-in.a
  AR      drivers/media/platform/intel/built-in.a
  AR      drivers/media/platform/marvell/built-in.a
  AR      drivers/media/platform/mediatek/jpeg/built-in.a
  AR      drivers/media/platform/mediatek/mdp/built-in.a
  AR      drivers/media/platform/mediatek/vcodec/common/built-in.a
  AR      drivers/media/platform/mediatek/vcodec/encoder/built-in.a
  AR      drivers/media/platform/mediatek/vcodec/decoder/built-in.a
  AR      drivers/media/platform/mediatek/vcodec/built-in.a
  AR      drivers/media/platform/mediatek/vpu/built-in.a
  AR      drivers/media/platform/mediatek/mdp3/built-in.a
  AR      drivers/media/platform/mediatek/built-in.a
  CC      net/ipv4/igmp.o
  AR      drivers/media/platform/microchip/built-in.a
  AR      drivers/media/platform/nuvoton/built-in.a
  AR      drivers/media/platform/nvidia/tegra-vde/built-in.a
  AR      drivers/media/platform/nvidia/built-in.a
  AR      drivers/ptp/built-in.a
  AR      drivers/media/platform/nxp/dw100/built-in.a
  CC      net/ipv6/ip6_offload.o
  AR      drivers/media/platform/nxp/imx-jpeg/built-in.a
  AR      drivers/media/platform/nxp/imx8-isi/built-in.a
  AR      drivers/media/platform/nxp/built-in.a
  AR      drivers/media/platform/qcom/camss/built-in.a
  CC      drivers/acpi/acpica/rslist.o
  AR      drivers/media/platform/qcom/iris/built-in.a
  CC      fs/squashfs/file_cache.o
  AR      drivers/media/platform/qcom/venus/built-in.a
  AR      drivers/media/platform/qcom/built-in.a
  AR      drivers/media/platform/raspberrypi/pisp_be/built-in.a
  AR      drivers/media/platform/raspberrypi/rp1-cfe/built-in.a
  AR      drivers/media/platform/raspberrypi/built-in.a
  AR      drivers/media/platform/renesas/rcar-isp/built-in.a
  AR      drivers/media/platform/renesas/rcar-vin/built-in.a
  AR      drivers/media/platform/renesas/rzg2l-cru/built-in.a
  AR      drivers/media/platform/renesas/vsp1/built-in.a
  AR      drivers/media/platform/renesas/built-in.a
  AR      drivers/media/pci/ttpci/built-in.a
  AR      drivers/media/pci/b2c2/built-in.a
  AR      drivers/media/platform/rockchip/rga/built-in.a
  AR      drivers/media/pci/pluto2/built-in.a
  AR      drivers/media/platform/rockchip/rkisp1/built-in.a
  AR      drivers/media/pci/dm1105/built-in.a
  AR      drivers/media/platform/rockchip/rkvdec/built-in.a
  AR      drivers/media/platform/rockchip/built-in.a
  AR      drivers/media/pci/pt1/built-in.a
  AR      drivers/media/pci/pt3/built-in.a
  AR      drivers/media/platform/samsung/exynos-gsc/built-in.a
  AR      drivers/media/platform/samsung/exynos4-is/built-in.a
  AR      drivers/media/pci/mantis/built-in.a
  AR      drivers/media/pci/ngene/built-in.a
  AR      drivers/media/platform/samsung/s3c-camif/built-in.a
  AR      drivers/media/platform/samsung/s5p-g2d/built-in.a
  AR      drivers/media/pci/ddbridge/built-in.a
  AR      drivers/media/platform/samsung/s5p-jpeg/built-in.a
  AR      drivers/media/pci/saa7146/built-in.a
  AR      drivers/media/platform/samsung/s5p-mfc/built-in.a
  AR      drivers/media/pci/smipcie/built-in.a
  AR      drivers/media/platform/samsung/built-in.a
  AR      drivers/media/pci/netup_unidvb/built-in.a
  AR      drivers/media/platform/st/sti/bdisp/built-in.a
  AR      drivers/media/pci/intel/ipu3/built-in.a
  AR      drivers/media/platform/st/sti/c8sectpfe/built-in.a
  AR      drivers/media/pci/intel/ivsc/built-in.a
  AR      drivers/media/pci/intel/built-in.a
  AR      drivers/media/platform/st/sti/delta/built-in.a
  AR      drivers/media/pci/built-in.a
  AR      drivers/media/platform/st/sti/hva/built-in.a
  CC      net/ipv6/tcpv6_offload.o
  AR      drivers/media/platform/st/stm32/built-in.a
  AR      drivers/media/platform/st/built-in.a
  AR      drivers/media/platform/sunxi/sun4i-csi/built-in.a
  AR      drivers/media/platform/sunxi/sun6i-csi/built-in.a
  AR      drivers/media/platform/sunxi/sun6i-mipi-csi2/built-in.a
  AR      drivers/media/platform/sunxi/sun8i-a83t-mipi-csi2/built-in.a
  AR      drivers/media/platform/sunxi/sun8i-di/built-in.a
  AR      drivers/media/platform/sunxi/sun8i-rotate/built-in.a
  AR      drivers/media/platform/sunxi/built-in.a
  AR      drivers/media/platform/synopsys/hdmirx/built-in.a
  AR      drivers/media/platform/synopsys/built-in.a
  AR      drivers/media/platform/ti/am437x/built-in.a
  AR      drivers/media/platform/ti/cal/built-in.a
  AR      drivers/media/platform/ti/vpe/built-in.a
  AR      drivers/media/platform/ti/davinci/built-in.a
  AR      drivers/input/built-in.a
  AR      drivers/media/platform/ti/j721e-csi2rx/built-in.a
  AR      drivers/power/built-in.a
  CC      fs/squashfs/decompressor_single.o
  AR      drivers/media/platform/ti/omap/built-in.a
  AR      drivers/media/platform/ti/omap3isp/built-in.a
  AR      drivers/media/platform/ti/built-in.a
  AR      drivers/media/platform/verisilicon/built-in.a
  AR      drivers/media/platform/via/built-in.a
  AR      drivers/media/platform/xilinx/built-in.a
  AR      drivers/media/platform/built-in.a
  CC      drivers/acpi/acpica/rsmemory.o
  AR      drivers/media/usb/b2c2/built-in.a
  AR      drivers/media/usb/dvb-usb/built-in.a
  AR      drivers/media/usb/dvb-usb-v2/built-in.a
  AR      drivers/media/usb/s2255/built-in.a
  AR      drivers/media/usb/siano/built-in.a
  AR      drivers/media/usb/ttusb-budget/built-in.a
  AR      drivers/media/usb/ttusb-dec/built-in.a
  AR      drivers/media/usb/built-in.a
  AR      drivers/media/mmc/siano/built-in.a
  AR      drivers/media/mmc/built-in.a
  AR      drivers/media/firewire/built-in.a
  AR      drivers/media/spi/built-in.a
  AR      drivers/media/test-drivers/built-in.a
  AR      drivers/media/built-in.a
  CC      fs/ext4/ioctl.o
  CC      net/ipv6/exthdrs_offload.o
  CC      fs/ext4/mballoc.o
  CC      net/ipv6/inet6_hashtables.o
  CC      drivers/acpi/acpica/rsmisc.o
  AR      drivers/mmc/built-in.a
  CC      fs/squashfs/xattr.o
  AR      fs/fat/built-in.a
  CC      fs/ext4/migrate.o
  CC      net/ipv6/mcast_snoop.o
  CC      drivers/acpi/acpica/rsserial.o
  CC      net/ipv4/fib_frontend.o
  AR      drivers/ufs/built-in.a
  CC      fs/squashfs/xattr_id.o
  CC      fs/ext4/mmp.o
  CC      drivers/acpi/acpica/rsutils.o
  CC      net/ipv4/fib_semantics.o
  CC      net/ipv4/fib_trie.o
  CC      net/ipv4/fib_notifier.o
  CC      drivers/firmware/dmi_scan.o
  CC      fs/squashfs/zlib_wrapper.o
  CC      drivers/acpi/acpica/rsxface.o
  CC      drivers/firmware/memmap.o
  AR      net/ipv6/built-in.a
  CC      drivers/clocksource/acpi_pm.o
  CC      net/ipv4/inet_fragment.o
  CC      drivers/acpi/acpica/tbdata.o
  AR      drivers/firmware/arm_ffa/built-in.a
  AR      drivers/platform/x86/amd/built-in.a
  AR      drivers/platform/x86/lenovo/built-in.a
  AR      drivers/platform/x86/intel/built-in.a
  AR      drivers/platform/x86/tuxedo/nb04/built-in.a
  AR      drivers/platform/x86/tuxedo/built-in.a
  AR      drivers/platform/x86/built-in.a
  AR      drivers/platform/built-in.a
  CC      drivers/hv/vmbus_drv.o
  AR      fs/squashfs/built-in.a
  AR      drivers/perf/built-in.a
  CC      drivers/hv/hv.o
  CC      drivers/clocksource/i8253.o
  CC      net/ipv4/ping.o
  CC      drivers/acpi/acpica/tbfadt.o
  CC      fs/ext4/move_extent.o
  AR      drivers/firmware/arm_scmi/built-in.a
  AR      drivers/firmware/broadcom/built-in.a
  CC      drivers/clocksource/hyperv_timer.o
  AR      drivers/firmware/cirrus/test/built-in.a
  AR      drivers/firmware/cirrus/built-in.a
  AR      drivers/firmware/meson/built-in.a
  AR      drivers/firmware/microchip/built-in.a
  AR      drivers/firmware/efi/built-in.a
  AR      drivers/firmware/imx/built-in.a
  AR      drivers/firmware/psci/built-in.a
  AR      drivers/firmware/qcom/built-in.a
  AR      drivers/firmware/samsung/built-in.a
  AR      drivers/firmware/smccc/built-in.a
  AR      drivers/firmware/tegra/built-in.a
  AR      drivers/firmware/xilinx/built-in.a
  AR      drivers/firmware/built-in.a
  AR      drivers/hwtracing/intel_th/built-in.a
  CC      drivers/hv/connection.o
  CC      fs/ext4/namei.o
  CC      drivers/acpi/acpica/tbfind.o
  CC      drivers/hv/channel.o
  AR      drivers/android/built-in.a
  CC      fs/ext4/page-io.o
  CC      drivers/acpi/acpica/tbinstal.o
  CC      net/ipv4/ip_tunnel_core.o
  CC      drivers/hv/channel_mgmt.o
  AR      drivers/clocksource/built-in.a
  CC      fs/ext4/readpage.o
  CC      drivers/acpi/acpica/tbprint.o
  CC      net/ipv4/gre_offload.o
  CC      net/ipv4/metrics.o
  CC      fs/ext4/resize.o
  CC      drivers/acpi/acpica/tbutils.o
  CC      drivers/hv/ring_buffer.o
  CC      net/ipv4/netlink.o
  CC      drivers/acpi/acpica/tbxface.o
  CC      net/ipv4/nexthop.o
  CC      drivers/acpi/acpica/tbxfload.o
  CC      drivers/hv/hv_trace.o
  CC      net/ipv4/udp_tunnel_stub.o
  CC      drivers/hv/hv_common.o
  CC      fs/ext4/super.o
  CC      net/ipv4/sysctl_net_ipv4.o
  CC      drivers/acpi/acpica/tbxfroot.o
  CC      fs/ext4/symlink.o
  CC      drivers/acpi/acpica/utaddress.o
  CC      fs/ext4/sysfs.o
  CC      drivers/acpi/acpica/utalloc.o
  CC      fs/ext4/xattr.o
  CC      drivers/acpi/acpica/utascii.o
  CC      net/ipv4/proc.o
  CC      fs/ext4/xattr_hurd.o
  CC      net/ipv4/tcp_cubic.o
  CC      drivers/acpi/acpica/utbuffer.o
  AR      drivers/hv/built-in.a
  CC      fs/ext4/xattr_trusted.o
  CC      drivers/acpi/acpica/utcksum.o
  CC      fs/ext4/xattr_user.o
  CC      drivers/acpi/acpica/utcopy.o
  CC      fs/ext4/fast_commit.o
  CC      drivers/acpi/acpica/utexcep.o
  CC      fs/ext4/orphan.o
  CC      drivers/acpi/acpica/utdebug.o
  CC      drivers/acpi/acpica/utdecode.o
  CC      drivers/acpi/acpica/utdelete.o
  CC      drivers/acpi/acpica/uterror.o
  CC      drivers/acpi/acpica/uteval.o
  CC      drivers/acpi/acpica/utglobal.o
  CC      drivers/acpi/acpica/uthex.o
  CC      drivers/acpi/acpica/utids.o
  CC      drivers/acpi/acpica/utinit.o
  AR      net/ipv4/built-in.a
  AR      net/built-in.a
  CC      drivers/acpi/acpica/utlock.o
  CC      drivers/acpi/acpica/utmath.o
  CC      drivers/acpi/acpica/utmisc.o
  CC      drivers/acpi/acpica/utmutex.o
  CC      drivers/acpi/acpica/utnonansi.o
  CC      drivers/acpi/acpica/utobject.o
  CC      drivers/acpi/acpica/utosi.o
  CC      drivers/acpi/acpica/utownerid.o
  CC      drivers/acpi/acpica/utpredef.o
  CC      drivers/acpi/acpica/utresdecode.o
  CC      drivers/acpi/acpica/utresrc.o
  CC      drivers/acpi/acpica/utstate.o
  CC      drivers/acpi/acpica/utstring.o
  CC      drivers/acpi/acpica/utstrsuppt.o
  CC      drivers/acpi/acpica/utstrtoul64.o
  CC      drivers/acpi/acpica/utxface.o
  CC      drivers/acpi/acpica/utxfinit.o
  CC      drivers/acpi/acpica/utxferror.o
  CC      drivers/acpi/acpica/utxfmutex.o
  AR      fs/ext4/built-in.a
  AR      fs/built-in.a
  AR      drivers/acpi/acpica/built-in.a
  AR      drivers/acpi/built-in.a
  AR      drivers/built-in.a
  AR      built-in.a
  AR      vmlinux.a
  LD      vmlinux.o
  MODPOST vmlinux.symvers
  CC      .vmlinux.export.o
  UPD     include/generated/utsversion.h
  CC      init/version-timestamp.o
  KSYMS   .tmp_vmlinux0.kallsyms.S
  AS      .tmp_vmlinux0.kallsyms.o
  LD      .tmp_vmlinux1
  NM      .tmp_vmlinux1.syms
  KSYMS   .tmp_vmlinux1.kallsyms.S
  AS      .tmp_vmlinux1.kallsyms.o
  LD      .tmp_vmlinux2
  NM      .tmp_vmlinux2.syms
  KSYMS   .tmp_vmlinux2.kallsyms.S
  AS      .tmp_vmlinux2.kallsyms.o
  LD      vmlinux.unstripped
  NM      System.map
  SORTTAB vmlinux.unstripped
  GEN     modules.builtin.modinfo
  OBJCOPY vmlinux
  GEN     modules.builtin
  CC      arch/x86/boot/a20.o
  AS      arch/x86/boot/bioscall.o
  CC      arch/x86/boot/cmdline.o
  AS      arch/x86/boot/copy.o
  HOSTCC  arch/x86/boot/mkcpustr
  CC      arch/x86/boot/cpuflags.o
  CC      arch/x86/boot/cpucheck.o
  CC      arch/x86/boot/early_serial_console.o
  CC      arch/x86/boot/edd.o
  CC      arch/x86/boot/memory.o
  CC      arch/x86/boot/main.o
  CC      arch/x86/boot/pm.o
  AS      arch/x86/boot/pmjump.o
  CC      arch/x86/boot/printf.o
  CC      arch/x86/boot/regs.o
  CC      arch/x86/boot/string.o
  CC      arch/x86/boot/tty.o
  LDS     arch/x86/boot/compressed/vmlinux.lds
  CC      arch/x86/boot/video.o
  CC      arch/x86/boot/video-mode.o
  AS      arch/x86/boot/compressed/kernel_info.o
  CC      arch/x86/boot/version.o
  AS      arch/x86/boot/compressed/head_64.o
  VOFFSET arch/x86/boot/compressed/../voffset.h
  CC      arch/x86/boot/video-vga.o
  CC      arch/x86/boot/compressed/string.o
  CC      arch/x86/boot/compressed/cmdline.o
  CC      arch/x86/boot/video-vesa.o
  CC      arch/x86/boot/compressed/error.o
  CC      arch/x86/boot/video-bios.o
  OBJCOPY arch/x86/boot/compressed/vmlinux.bin
  HOSTCC  arch/x86/boot/compressed/mkpiggy
  CC      arch/x86/boot/compressed/cpuflags.o
  CC      arch/x86/boot/compressed/early_serial_console.o
  CC      arch/x86/boot/compressed/ident_map_64.o
  CC      arch/x86/boot/compressed/idt_64.o
  AS      arch/x86/boot/compressed/idt_handlers_64.o
  CC      arch/x86/boot/compressed/pgtable_64.o
  CC      arch/x86/boot/compressed/acpi.o
  CC      arch/x86/boot/compressed/misc.o
  GZIP    arch/x86/boot/compressed/vmlinux.bin.gz
  CPUSTR  arch/x86/boot/cpustr.h
  CC      arch/x86/boot/cpu.o
  MKPIGGY arch/x86/boot/compressed/piggy.S
  AS      arch/x86/boot/compressed/piggy.o
  LD      arch/x86/boot/compressed/vmlinux
  ZOFFSET arch/x86/boot/zoffset.h
  OBJCOPY arch/x86/boot/vmlinux.bin
  AS      arch/x86/boot/header.o
  LD      arch/x86/boot/setup.elf
  OBJCOPY arch/x86/boot/setup.bin
  BUILD   arch/x86/boot/bzImage
Kernel: arch/x86/boot/bzImage is ready  (#1)
