[    0.000000] Linux version 6.18.33.2-microsoft-standard-WSL2 (root@f1bbfb02316b) (gcc (GCC) 13.2.0, GNU ld (GNU Binutils) 2.41) #1 SMP PREEMPT_DYNAMIC Thu Jun 18 21:54:43 UTC 2026
[    0.000000] Command line: initrd=\initrd.img WSL_ROOT_INIT=1 panic=-1 nr_cpus=12 hv_utils.timesync_implicit=1 console=hvc0 debug pty.legacy_count=0 WSL_ENABLE_CRASH_DUMP=1
[    0.000000] KERNEL supported cpus:
[    0.000000] Intel GenuineIntel
[    0.000000] AMD AuthenticAMD
[    0.000000] BIOS-provided physical RAM map:
[    0.000000] BIOS-e820: [mem 0x0000000000000000-0x000000000009ffff] usable
[    0.000000] BIOS-e820: [mem 0x00000000000e0000-0x00000000000e0fff] reserved
[    0.000000] BIOS-e820: [mem 0x0000000000100000-0x00000000001fffff] ACPI data
[    0.000000] BIOS-e820: [mem 0x0000000000200000-0x00000000f7ffffff] usable
[    0.000000] BIOS-e820: [mem 0x0000000100000000-0x0000000207ffffff] usable
[    0.000000] NX (Execute Disable) protection: active
[    0.000000] APIC: Static calls initialized
[    0.000000] DMI not present or invalid.
[    0.000000] Hypervisor detected: Microsoft Hyper-V
[    0.000000] Hyper-V: privilege flags low 0xae7f, high 0x3b8030, ext 0x2, hints 0x900c2c, misc 0xe0bed7b6
[    0.000000] Hyper-V: Nested features: 0x4a0000
[    0.000000] Hyper-V: LAPIC Timer Frequency: 0xc3500
[    0.000000] Hyper-V: Using hypercall for remote TLB flush
[    0.000000] clocksource: hyperv_clocksource_tsc_page: mask: 0xffffffffffffffff max_cycles: 0x24e6a1710, max_idle_ns: 440795202120 ns
[    0.000000] clocksource: hyperv_clocksource_msr: mask: 0xffffffffffffffff max_cycles: 0x24e6a1710, max_idle_ns: 440795202120 ns
[    0.000000] tsc: Detected 2195.790 MHz processor
[    0.000066] e820: update [mem 0x00000000-0x00000fff] usable ==> reserved
[    0.000070] e820: remove [mem 0x000a0000-0x000fffff] usable
[    0.000072] last_pfn = 0x208000 max_arch_pfn = 0x400000000
[    0.000098] MTRR map: 5 entries (4 fixed + 1 variable; max 20), built from 8 variable MTRRs
[    0.000101] x86/PAT: Configuration [0-7]: WB  WC  UC- UC  WB  WP  UC- WT  
[    0.000152] last_pfn = 0xf8000 max_arch_pfn = 0x400000000
[    0.000167] Using GB pages for direct mapping
[    0.000287] RAMDISK: [mem 0x04beb000-0x04e9ffff]
[    0.000289] ACPI: Early table checksum verification disabled
[    0.000294] ACPI: RSDP 0x00000000000E0000 000024 (v02 VRTUAL)
[    0.000297] ACPI: XSDT 0x0000000000100000 000044 (v01 VRTUAL MICROSFT 00000001 MSFT 00000001)
[    0.000302] ACPI: FACP 0x0000000000101000 000114 (v06 VRTUAL MICROSFT 00000001 MSFT 00000001)
[    0.000306] ACPI: DSDT 0x00000000001011B8 01E11C (v02 MSFTVM DSDT01   00000001 INTL 20230628)
[    0.000309] ACPI: FACS 0x0000000000101114 000040
[    0.000311] ACPI: OEM0 0x0000000000101154 000064 (v01 VRTUAL MICROSFT 00000001 MSFT 00000001)
[    0.000313] ACPI: SRAT 0x000000000011F2D4 000370 (v02 VRTUAL MICROSFT 00000001 MSFT 00000001)
[    0.000315] ACPI: APIC 0x000000000011F644 0000A8 (v04 VRTUAL MICROSFT 00000001 MSFT 00000001)
[    0.000316] ACPI: Reserving FACP table memory at [mem 0x101000-0x101113]
[    0.000317] ACPI: Reserving DSDT table memory at [mem 0x1011b8-0x11f2d3]
[    0.000318] ACPI: Reserving FACS table memory at [mem 0x101114-0x101153]
[    0.000319] ACPI: Reserving OEM0 table memory at [mem 0x101154-0x1011b7]
[    0.000319] ACPI: Reserving SRAT table memory at [mem 0x11f2d4-0x11f643]
[    0.000320] ACPI: Reserving APIC table memory at [mem 0x11f644-0x11f6eb]
[    0.000357] ACPI: SRAT: Node 0 PXM 0 [mem 0x00000000-0xf7ffffff] hotplug
[    0.000359] ACPI: SRAT: Node 0 PXM 0 [mem 0x100000000-0x207ffffff] hotplug
[    0.000360] ACPI: SRAT: Node 0 PXM 0 [mem 0x208000000-0x9ffdfffff] hotplug
[    0.000360] ACPI: SRAT: Node 0 PXM 0 [mem 0x1000000000-0xfcffffffff] hotplug
[    0.000361] ACPI: SRAT: Node 0 PXM 0 [mem 0x10000000000-0x1ffffffffff] hotplug
[    0.000362] ACPI: SRAT: Node 0 PXM 0 [mem 0x20000000000-0x3ffffffffff] hotplug
[    0.000363] ACPI: SRAT: Node 0 PXM 0 [mem 0x40000000000-0x7ffffffffff] hotplug
[    0.000364] ACPI: SRAT: Node 0 PXM 0 [mem 0x80000000000-0xfffffffffff] hotplug
[    0.000364] ACPI: SRAT: Node 0 PXM 0 [mem 0x100000000000-0x1fffffffffff] hotplug
[    0.000365] ACPI: SRAT: Node 0 PXM 0 [mem 0x200000000000-0x3fffffffffff] hotplug
[    0.000366] ACPI: SRAT: Node 0 PXM 0 [mem 0x400000000000-0x7fffffffffff] hotplug
[    0.000367] ACPI: SRAT: Node 0 PXM 0 [mem 0x800000000000-0xffffffffffff] hotplug
[    0.000367] ACPI: SRAT: Node 0 PXM 0 [mem 0x1000000000000-0x1ffffffffffff] hotplug
[    0.000368] ACPI: SRAT: Node 0 PXM 0 [mem 0x2000000000000-0x3ffffffffffff] hotplug
[    0.000369] ACPI: SRAT: Node 0 PXM 0 [mem 0x4000000000000-0x7ffffffffffff] hotplug
[    0.000370] ACPI: SRAT: Node 0 PXM 0 [mem 0x8000000000000-0xfffffffffffff] hotplug
[    0.000373] NUMA: Node 0 [mem 0x00001000-0xf7ffffff] + [mem 0x100000000-0x207ffffff] -> [mem 0x00001000-0x207ffffff]
[    0.000380] NODE_DATA(0) allocated [mem 0x207fde300-0x207ffffff]
[    0.000505] Zone ranges:
[    0.000507] DMA32    [mem 0x0000000000001000-0x00000000ffffffff]
[    0.000509] Normal   [mem 0x0000000100000000-0x0000000207ffffff]
[    0.000510] Device   empty
[    0.000511] Movable zone start for each node
[    0.000514] Early memory node ranges
[    0.000514] node   0: [mem 0x0000000000001000-0x000000000009ffff]
[    0.000515] node   0: [mem 0x0000000000200000-0x00000000f7ffffff]
[    0.000516] node   0: [mem 0x0000000100000000-0x0000000207ffffff]
[    0.000517] Initmem setup node 0 [mem 0x0000000000001000-0x0000000207ffffff]
[    0.000555] On node 0, zone DMA32: 1 pages in unavailable ranges
[    0.033799] On node 0, zone DMA32: 352 pages in unavailable ranges
[    0.034956] ACPI: PM-Timer IO Port: 0x408
[    0.034969] ACPI: LAPIC_NMI (acpi_id[0x01] dfl dfl lint[0x1])
[    0.035462] IOAPIC[0]: apic_id 12, version 17, address 0xfec00000, GSI 0-23
[    0.035467] ACPI: INT_SRC_OVR (bus 0 bus_irq 9 global_irq 9 high level)
[    0.035472] ACPI: Using ACPI (MADT) for SMP configuration information
[    0.035478] CPU topo: Max. logical packages:   1
[    0.035479] CPU topo: Max. logical dies:       1
[    0.035479] CPU topo: Max. dies per package:   1
[    0.035483] CPU topo: Max. threads per core:   2
[    0.035485] CPU topo: Num. cores per package:     6
[    0.035485] CPU topo: Num. threads per package:  12
[    0.035486] CPU topo: Allowing 12 present CPUs plus 0 hotplug CPUs
[    0.035527] random: crng init done
[    0.035533] PM: hibernation: Registered nosave memory: [mem 0x00000000-0x00000fff]
[    0.035535] PM: hibernation: Registered nosave memory: [mem 0x000a0000-0x001fffff]
[    0.035536] PM: hibernation: Registered nosave memory: [mem 0xf8000000-0xffffffff]
[    0.035537] [mem 0xf8000000-0xffffffff] available for PCI devices
[    0.035538] Booting paravirtualized kernel on Hyper-V
[    0.035541] clocksource: refined-jiffies: mask: 0xffffffff max_cycles: 0xffffffff, max_idle_ns: 7645519600211568 ns
[    0.035586] setup_percpu: NR_CPUS:8192 nr_cpumask_bits:12 nr_cpu_ids:12 nr_node_ids:1
[    0.038045] percpu: Embedded 61 pages/cpu s212992 r8192 d28672 u262144
[    0.038057] pcpu-alloc: s212992 r8192 d28672 u262144 alloc=1*2097152
[    0.038061] pcpu-alloc: [0] 00 01 02 03 04 05 06 07 [0] 08 09 10 11 -- -- -- -- 
[    0.038087] Hyper-V: PV spinlocks enabled
[    0.038090] PV qspinlock hash table entries: 256 (order: 0, 4096 bytes, linear)
[    0.038093] Kernel command line: initrd=\initrd.img WSL_ROOT_INIT=1 panic=-1 nr_cpus=12 hv_utils.timesync_implicit=1 console=hvc0 debug pty.legacy_count=0 WSL_ENABLE_CRASH_DUMP=1
[    0.038211] Unknown kernel command line parameters "WSL_ROOT_INIT=1 WSL_ENABLE_CRASH_DUMP=1", will be passed to user space.
[    0.038294] printk: log buffer data + meta data: 262144 + 917504 = 1179648 bytes
[    0.042536] Dentry cache hash table entries: 1048576 (order: 11, 8388608 bytes, linear)
[    0.044654] Inode-cache hash table entries: 524288 (order: 10, 4194304 bytes, linear)
[    0.044820] software IO TLB: area num 16.
[    0.088291] Fallback order for Node 0: 0 
[    0.088307] Built 1 zonelists, mobility grouping on.  Total pages: 2096799
[    0.088311] Policy zone: Normal
[    0.088334] mem auto-init: stack:off, heap alloc:on, heap free:off
[    0.103112] SLUB: HWalign=64, Order=0-3, MinObjects=0, CPUs=12, Nodes=1
[    0.113684] ftrace: allocating 59125 entries in 232 pages
[    0.113688] ftrace: allocated 232 pages with 4 groups
[    0.115228] Dynamic Preempt: none
[    0.115360] rcu: Preemptible hierarchical RCU implementation.
[    0.115361] rcu: 	RCU restricting CPUs from NR_CPUS=8192 to nr_cpu_ids=12.
[    0.115362] 	Trampoline variant of Tasks RCU enabled.
[    0.115363] 	Rude variant of Tasks RCU enabled.
[    0.115363] 	Tracing variant of Tasks RCU enabled.
[    0.115364] rcu: RCU calculated value of scheduler-enlistment delay is 25 jiffies.
[    0.115364] rcu: Adjusting geometry for rcu_fanout_leaf=16, nr_cpu_ids=12
[    0.115374] RCU Tasks: Setting shift to 4 and lim to 1 rcu_task_cb_adjust=1 rcu_task_cpu_ids=12.
[    0.115377] RCU Tasks Rude: Setting shift to 4 and lim to 1 rcu_task_cb_adjust=1 rcu_task_cpu_ids=12.
[    0.115379] RCU Tasks Trace: Setting shift to 4 and lim to 1 rcu_task_cb_adjust=1 rcu_task_cpu_ids=12.
[    0.119353] Using NULL legacy PIC
[    0.119355] NR_IRQS: 524544, nr_irqs: 520, preallocated irqs: 0
[    0.119417] rcu: srcu_init: Setting srcu_struct sizes based on contention.
[    0.120148] Console: colour dummy device 80x25
[    0.120170] ACPI: Core revision 20250807
[    0.120298] Failed to register legacy timer interrupt
[    0.120299] APIC: Switch to symmetric I/O mode setup
[    0.120313] Hyper-V: Host Build 10.0.26100.9168-9-0
[    0.120315] Hyper-V: enabling crash_kexec_post_notifiers
[    0.120377] Hyper-V: Using IPI hypercalls
[    0.120379] APIC: send_IPI() replaced with hv_send_ipi()
[    0.120386] APIC: send_IPI_mask() replaced with hv_send_ipi_mask()
[    0.120388] APIC: send_IPI_mask_allbutself() replaced with hv_send_ipi_mask_allbutself()
[    0.120390] APIC: send_IPI_allbutself() replaced with hv_send_ipi_allbutself()
[    0.120392] APIC: send_IPI_all() replaced with hv_send_ipi_all()
[    0.120394] APIC: send_IPI_self() replaced with hv_send_ipi_self()
[    0.120396] Hyper-V: Using enlightened APIC (xapic mode)
[    0.120404] APIC: eoi() replaced with hv_apic_eoi_write()
[    0.120426] APIC: read() replaced with hv_apic_read()
[    0.120445] APIC: write() replaced with hv_apic_write()
[    0.120447] APIC: icr_write() replaced with hv_apic_icr_write()
[    0.120449] APIC: icr_read() replaced with hv_apic_icr_read()
[    0.120625] clocksource: tsc-early: mask: 0xffffffffffffffff max_cycles: 0x1fa6a9a926d, max_idle_ns: 440795224317 ns
[    0.120632] Calibrating delay loop (skipped), value calculated using timer frequency.. 4391.58 BogoMIPS (lpj=8783160)
[    0.120714] x86/cpu: User Mode Instruction Prevention (UMIP) activated
[    0.120819] Last level iTLB entries: 4KB 1024, 2MB 1024, 4MB 512
[    0.120821] Last level dTLB entries: 4KB 2048, 2MB 2048, 4MB 1024, 1GB 0
[    0.120825] mitigations: Enabled attack vectors: user_kernel, user_user, guest_host, guest_guest, SMT mitigations: auto
[    0.120828] Speculative Store Bypass: Mitigation: Speculative Store Bypass disabled via prctl
[    0.120829] Speculative Return Stack Overflow: IBPB-extending microcode not applied!
[    0.120830] Speculative Return Stack Overflow: WARNING: See https://kernel.org/doc/html/latest/admin-guide/hw-vuln/srso.html for mitigation options.
[    0.120830] Spectre V2 : Mitigation: Retpolines
[    0.120831] RETBleed: Mitigation: untrained return thunk
[    0.120832] Spectre V2 : Selecting STIBP always-on mode to complement retbleed mitigation
[    0.120832] Spectre V2 : User space: Mitigation: STIBP always-on protection
[    0.120832] Speculative Return Stack Overflow: Vulnerable: Safe RET, no microcode
[    0.120833] Spectre V1 : Mitigation: usercopy/swapgs barriers and __user pointer sanitization
[    0.120834] Spectre V2 : Spectre v2 / SpectreRSB: Filling RSB on context switch and VMEXIT
[    0.120834] Spectre V2 : Enabling Speculation Barrier for firmware calls
[    0.120834] active return thunk: retbleed_return_thunk
[    0.120839] Spectre V2 : mitigation: Enabling conditional Indirect Branch Prediction Barrier
[    0.120839] active return thunk: srso_return_thunk
[    0.120852] x86/fpu: Supporting XSAVE feature 0x001: 'x87 floating point registers'
[    0.120853] x86/fpu: Supporting XSAVE feature 0x002: 'SSE registers'
[    0.120853] x86/fpu: Supporting XSAVE feature 0x004: 'AVX registers'
[    0.120854] x86/fpu: xstate_offset[2]:  576, xstate_sizes[2]:  256
[    0.120855] x86/fpu: Enabled xstate features 0x7, context size is 832 bytes, using 'compacted' format.
[    0.124629] Freeing SMP alternatives memory: 52K
[    0.124629] pid_max: default: 32768 minimum: 301
[    0.124629] LSM: initializing lsm=capability,landlock,yama,safesetid,selinux,ima
[    0.124629] landlock: Up and running.
[    0.124629] Yama: becoming mindful.
[    0.124629] SELinux:  Initializing.
[    0.124629] Mount-cache hash table entries: 16384 (order: 5, 131072 bytes, linear)
[    0.124629] Mountpoint-cache hash table entries: 16384 (order: 5, 131072 bytes, linear)
[    0.124629] smpboot: CPU0: AMD Ryzen 5 Microsoft Surface (R) Edition (family: 0x17, model: 0x60, stepping: 0x1)
[    0.124629] Performance Events: Fam17h+ core perfctr, AMD PMU driver.
[    0.124629] ... version:                   0
[    0.124629] ... bit width:                 48
[    0.124629] ... generic counters:          6
[    0.124629] ... generic bitmap:            000000000000003f
[    0.124629] ... fixed-purpose counters:    0
[    0.124629] ... fixed-purpose bitmap:      0000000000000000
[    0.124629] ... value mask:                0000ffffffffffff
[    0.124629] ... max period:                00007fffffffffff
[    0.124629] ... global_ctrl mask:          000000000000003f
[    0.124629] signal: max sigframe size: 1776
[    0.124629] rcu: Hierarchical SRCU implementation.
[    0.124629] rcu: 	Max phase no-delay instances is 1000.
[    0.124629] Timer migration: 2 hierarchy levels; 8 children per group; 2 crossnode level
[    0.129633] smp: Bringing up secondary CPUs ...
[    0.129860] smpboot: x86: Booting SMP configuration:
[    0.129862] .... node  #0, CPUs:        #2  #4  #6  #8 #10  #1  #3  #5  #7  #9 #11
[    0.138571] Spectre V2 : Update user space SMT mitigation: STIBP always-on
[    0.140867] smp: Brought up 1 node, 12 CPUs
[    0.140872] smpboot: Total of 12 processors activated (52698.96 BogoMIPS)
[    0.152319] node 0 deferred pages initialised in 8ms
[    0.152646] Memory: 8110860K/8387196K available (20176K kernel code, 3632K rwdata, 14820K rodata, 4852K init, 5648K bss, 267492K reserved, 0K cma-reserved)
[    0.153267] devtmpfs: initialized
[    0.153267] x86/mm: Memory block size: 128MB
[    0.156675] clocksource: jiffies: mask: 0xffffffff max_cycles: 0xffffffff, max_idle_ns: 7645041785100000 ns
[    0.156826] posixtimers hash table entries: 8192 (order: 5, 131072 bytes, linear)
[    0.157084] futex hash table entries: 4096 (262144 bytes on 1 NUMA nodes, total 256 KiB, linear).
[    0.157321] pinctrl core: initialized pinctrl subsystem
[    0.160082] NET: Registered PF_NETLINK/PF_ROUTE protocol family
[    0.160937] DMA: preallocated 1024 KiB GFP_KERNEL pool for atomic allocations
[    0.161465] DMA: preallocated 1024 KiB GFP_KERNEL|GFP_DMA32 pool for atomic allocations
[    0.161495] audit: initializing netlink subsys (disabled)
[    0.161537] audit: type=2000 audit(1787122616.040:1): state=initialized audit_enabled=0 res=1
[    0.161537] thermal_sys: Registered thermal governor 'step_wise'
[    0.161537] thermal_sys: Registered thermal governor 'user_space'
[    0.161537] cpuidle: using governor ladder
[    0.161537] cpuidle: using governor menu
[    0.161537] acpiphp: ACPI Hot Plug PCI Controller Driver version: 0.5
[    0.161537] dca service started, version 1.12.1
[    0.161537] PCI: Fatal: No config space access function found
[    0.161537] kprobes: kprobe jump-optimization is enabled. All kprobes are optimized if possible.
[    0.164837] HugeTLB: registered 1.00 GiB page size, pre-allocated 0 pages
[    0.164837] HugeTLB: 16380 KiB vmemmap can be freed for a 1.00 GiB page
[    0.164837] HugeTLB: registered 2.00 MiB page size, pre-allocated 0 pages
[    0.164837] HugeTLB: 28 KiB vmemmap can be freed for a 2.00 MiB page
[    0.173377] ACPI: Added _OSI(Module Device)
[    0.173380] ACPI: Added _OSI(Processor Device)
[    0.173382] ACPI: Added _OSI(Processor Aggregator Device)
[    0.184915] ACPI: 1 ACPI AML tables successfully acquired and loaded
[    0.185464] ACPI: Interpreter enabled
[    0.185464] ACPI: PM: (supports S0 S5)
[    0.185464] ACPI: Using IOAPIC for interrupt routing
[    0.185464] PCI: Using host bridge windows from ACPI; if necessary, use "pci=nocrs" and report a bug
[    0.185464] PCI: Using E820 reservations for host bridge windows
[    0.185481] ACPI: Enabled 2 GPEs in block 00 to 0F
[    0.189594] iommu: Default domain type: Translated
[    0.189594] iommu: DMA domain TLB invalidation policy: lazy mode
[    0.192991] SCSI subsystem initialized
[    0.193041] libata version 3.00 loaded.
[    0.193041] pps_core: LinuxPPS API ver. 1 registered
[    0.193041] pps_core: Software ver. 5.3.6 - Copyright 2005-2007 Rodolfo Giometti <giometti@linux.it>
[    0.193041] PTP clock support registered
[    0.193041] EDAC MC: Ver: 3.0.0
[    0.200670] hv_vmbus: Vmbus version:5.3
[    0.201043] hv_vmbus: Unknown GUID: 6e382d18-3336-4f4b-acc4-2b7703d4df4a
[    0.201082] hv_vmbus: Unknown GUID: dde9cbc0-5060-4436-9448-ea1254a5d177
[    0.205231] NetLabel: Initializing
[    0.205233] NetLabel:  domain hash size = 128
[    0.205235] NetLabel:  protocols = UNLABELED CIPSOv4 CALIPSO
[    0.205255] NetLabel:  unlabeled traffic allowed by default
[    0.205260] PCI: Using ACPI for IRQ routing
[    0.205262] PCI: System does not support PCI
[    0.205307] vgaarb: loaded
[    0.205307] clocksource: Switched to clocksource tsc-early
[    0.242272] VFS: Disk quotas dquot_6.6.0
[    0.242287] VFS: Dquot-cache hash table entries: 512 (order 0, 4096 bytes)
[    0.242944] netfs: FS-Cache loaded
[    0.243118] pnp: PnP ACPI init
[    0.243645] pnp: PnP ACPI: found 1 devices
[    0.257087] clocksource: acpi_pm: mask: 0xffffff max_cycles: 0xffffff, max_idle_ns: 2085701024 ns
[    0.257210] NET: Registered PF_INET protocol family
[    0.257751] IP idents hash table entries: 131072 (order: 8, 1048576 bytes, linear)
[    0.278640] tcp_listen_portaddr_hash hash table entries: 4096 (order: 4, 65536 bytes, linear)
[    0.278678] Table-perturb hash table entries: 65536 (order: 6, 262144 bytes, linear)
[    0.278735] TCP established hash table entries: 65536 (order: 7, 524288 bytes, linear)
[    0.279897] TCP bind hash table entries: 65536 (order: 9, 2097152 bytes, linear)
[    0.280009] TCP: Hash tables configured (established 65536 bind 65536)
[    0.280215] UDP hash table entries: 4096 (order: 6, 262144 bytes, linear)
[    0.280363] UDP-Lite hash table entries: 4096 (order: 6, 262144 bytes, linear)
[    0.280459] NET: Registered PF_UNIX/PF_LOCAL protocol family
[    0.280468] NET: Registered PF_XDP protocol family
[    0.280477] PCI: CLS 0 bytes, default 64
[    0.280532] PCI-DMA: Using software bounce buffering for IO (SWIOTLB)
[    0.280534] software IO TLB: mapped [mem 0x00000000f4000000-0x00000000f8000000] (64MB)
[    0.280724] Trying to unpack rootfs image as initramfs...
[    0.282832] clocksource: tsc: mask: 0xffffffffffffffff max_cycles: 0x1fa6a9a926d, max_idle_ns: 440795224317 ns
[    0.283380] clocksource: Switched to clocksource tsc
[    0.284535] Initialise system trusted keyrings
[    0.284543] Key type blacklist registered
[    0.284834] workingset: timestamp_bits=36 max_order=21 bucket_order=0
[    0.285301] squashfs: version 4.0 (2009/01/31) Phillip Lougher
[    0.285315] fuse: init (API version 7.45)
[    0.285545] SGI XFS with ACLs, security attributes, realtime, verbose warnings, quota, no debug enabled
[    0.285794] Freeing initrd memory: 2772K
[    0.286213] 9p: Installing v9fs 9p2000 file system support
[    0.288086] cryptd: max_cpu_qlen set to 1000
[    0.300239] Key type asymmetric registered
[    0.300243] Asymmetric key parser 'x509' registered
[    0.300404] Block layer SCSI generic (bsg) driver version 0.4 loaded (major 244)
[    0.300801] io scheduler mq-deadline registered
[    0.300806] io scheduler kyber registered
[    0.302039] hv_vmbus: registering driver hv_pci
[    0.302679] hv_pci c4b741f5-5582-4c98-8f8b-2e082933c396: PCI VMBus probing: Using version 0x10004
[    0.303898] hv_pci c4b741f5-5582-4c98-8f8b-2e082933c396: PCI host bridge to bus 5582:00
[    0.303901] pci_bus 5582:00: root bus resource [mem 0x9ffe00000-0x9ffe02fff window]
[    0.303904] pci_bus 5582:00: No busn resource found for root bus, will use [bus 00-ff]
[    0.305072] pci 5582:00:00.0: [1af4:1043] type 00 class 0x010000 conventional PCI endpoint
[    0.307150] pci 5582:00:00.0: BAR 0 [mem 0x9ffe00000-0x9ffe00fff 64bit]
[    0.307282] pci 5582:00:00.0: BAR 2 [mem 0x9ffe01000-0x9ffe01fff 64bit]
[    0.307413] pci 5582:00:00.0: BAR 4 [mem 0x9ffe02000-0x9ffe02fff 64bit]
[    0.311432] pci_bus 5582:00: busn_res: [bus 00-ff] end is updated to 00
[    0.311440] pci 5582:00:00.0: BAR 0 [mem 0x9ffe00000-0x9ffe00fff 64bit]: assigned
[    0.311888] pci 5582:00:00.0: BAR 2 [mem 0x9ffe01000-0x9ffe01fff 64bit]: assigned
[    0.312334] pci 5582:00:00.0: BAR 4 [mem 0x9ffe02000-0x9ffe02fff 64bit]: assigned
[    0.314951] hv_pci ba5007d7-cc72-40ce-a9b7-ec14c1794322: PCI VMBus probing: Using version 0x10004
[    0.316063] hv_pci ba5007d7-cc72-40ce-a9b7-ec14c1794322: PCI host bridge to bus cc72:00
[    0.316066] pci_bus cc72:00: No busn resource found for root bus, will use [bus 00-ff]
[    0.316555] pci cc72:00:00.0: [1414:008e] type 00 class 0x030200 conventional PCI endpoint
[    0.321123] pci_bus cc72:00: busn_res: [bus 00-ff] end is updated to 00
[    0.325028] ioatdma: Intel(R) QuickData Technology Driver 5.00
[    0.325250] virtio-pci 5582:00:00.0: enabling device (0000 -> 0002)
[    0.330432] Serial: 8250/16550 driver, 8 ports, IRQ sharing enabled
[    0.387035] Linux agpgart interface v0.103
[    0.387083] ACPI: bus type drm_connector registered
[    0.388879] printk: legacy console [hvc0] enabled
[    0.393611] brd: module loaded
[    0.397489] loop: module loaded
[    0.398131] Loading iSCSI transport class v2.0-870.
[    0.399356] rdac: device handler registered
[    0.400102] Microchip SmartPQI Driver (v2.1.34-035)
[    0.400651] VMware PVSCSI driver - version 1.0.7.0-k
[    0.401034] hv_vmbus: registering driver hv_storvsc
[    0.403210] scsi host0: storvsc_host_t
[    0.403301] PPP generic driver version 2.4.2
[    0.403991] VMware vmxnet3 virtual NIC driver - version 1.9.0.0-k-NAPI
[    0.404428] hv_vmbus: registering driver hv_netvsc
[    0.404752] Fusion MPT base driver 3.04.20
[    0.404958] Copyright (c) 1999-2008 LSI Corporation
[    0.405196] Fusion MPT SPI Host driver 3.04.20
[    0.405558] Fusion MPT SAS Host driver 3.04.20
[    0.405879] Fusion MPT misc device (ioctl) driver 3.04.20
[    0.406275] mptctl: Registered with Fusion MPT base driver
[    0.406526] mptctl: /dev/mptctl @ (major,minor=10,220)
[    0.406828] i8042: PNP: No PS/2 controller found.
[    0.407033] hv_vmbus: registering driver hyperv_keyboard
[    0.407266] rtc_cmos 00:00: RTC can wake from S4
[    0.410202] rtc_cmos 00:00: registered as rtc0
[    0.411106] rtc_cmos 00:00: setting system clock to 2026-08-19T06:56:56 UTC (1787122616)
[    0.411892] rtc_cmos 00:00: alarms up to one month, 114 bytes nvram
[    0.412217] scsi 0:0:0:0: Direct-Access     Msft     Virtual Disk     1.0  PQ: 0 ANSI: 5
[    0.412406] device-mapper: core: CONFIG_IMA_DISABLE_HTABLE is disabled. Duplicate IMA measurements will not be recorded in the IMA log.
[    0.413423] device-mapper: uevent: version 1.0.3
[    0.413861] device-mapper: ioctl: 4.50.0-ioctl (2025-04-28) initialised: dm-devel@lists.linux.dev
[    0.414548] amd_pstate: The CPPC feature is supported but currently disabled by the BIOS.
Please enable it if your BIOS has the CPPC option.
[    0.415584] amd_pstate: the _CPC object is not present in SBIOS or ACPI disabled
[    0.416399] hv_utils: Registering HyperV Utility Driver
[    0.416877] hv_vmbus: registering driver hv_utils
[    0.417333] hv_vmbus: registering driver hv_balloon
[    0.417966] hv_vmbus: registering driver dxgkrnl
[    0.418128] hv_utils: TimeSync IC version 4.0
[    0.420042] hv_balloon: Using Dynamic Memory protocol version 2.0
[    0.420910] sd 0:0:0:0: Attached scsi generic sg0 type 0
[    0.421239] sd 0:0:0:0: [sda] 730960 512-byte logical blocks: (374 MB/357 MiB)
[    0.421821] Free page reporting enabled
[    0.421902] drop_monitor: Initializing network drop monitor service
[    0.421961] sd 0:0:0:0: [sda] Write Protect is on
[    0.421964] sd 0:0:0:0: [sda] Mode Sense: 0f 00 80 00
[    0.422073] hv_balloon: Cold memory discard hint enabled with order 9
[    0.422208] sd 0:0:0:0: [sda] Write cache: disabled, read cache: enabled, doesn't support DPO or FUA
[    0.425110] NET: Registered PF_INET6 protocol family
[    0.426173] Segment Routing with IPv6
[    0.426486] In-situ OAM (IOAM) with IPv6
[    0.426726] NET: Registered PF_PACKET protocol family
[    0.427177] 9pnet: Installing 9P2000 support
[    0.427603] NET: Registered PF_VSOCK protocol family
[    0.427860] hv_vmbus: registering driver hv_sock
[    0.429752] IPI shorthand broadcast: enabled
[    0.434318] sched_clock: Marking stable (432017356, 595169)->(470632339, -38019814)
[    0.435358] registered taskstats version 1
[    0.436119] Loading compiled-in X.509 certificates
[    0.441996] sd 0:0:0:0: [sda] Attached SCSI disk
[    0.443705] Demotion targets for Node 0: null
[    0.444238] ima: No TPM chip found, activating TPM-bypass!
[    0.444542] ima: Allocated hash algorithm: sha256
[    0.444934] ima: No architecture policies found
[    0.445531] RAS: Correctable Errors collector initialized.
[    0.458146] clk: Disabling unused clocks
[    0.461283] Freeing unused decrypted memory: 2028K
[    0.462940] Freeing unused kernel image (initmem) memory: 4852K
[    0.463706] Write protecting the kernel read-only data: 36864k
[    0.464912] Freeing unused kernel image (text/rodata gap) memory: 300K
[    0.466143] Freeing unused kernel image (rodata/data gap) memory: 1564K
[    0.466861] Run /init as init process
[    0.467154] with arguments:
[    0.467424] /init
[    0.467603] with environment:
[    0.467800] HOME=/
[    0.467967] TERM=linux
[    0.468119] WSL_ROOT_INIT=1
[    0.468314] WSL_ENABLE_CRASH_DUMP=1
[    0.469342] WSL (1 - ): WSL version 2.7.12.0
[    0.505179] scsi 0:0:0:1: Direct-Access     Msft     Virtual Disk     1.0  PQ: 0 ANSI: 5
[    0.514229] sd 0:0:0:1: Attached scsi generic sg1 type 0
[    0.514478] sd 0:0:0:1: [sdb] 8388616 512-byte logical blocks: (4.29 GB/4.00 GiB)
[    0.515128] sd 0:0:0:1: [sdb] 4096-byte physical blocks
[    0.515780] sd 0:0:0:1: [sdb] Write Protect is off
[    0.516095] sd 0:0:0:1: [sdb] Mode Sense: 0f 00 00 00
[    0.516832] sd 0:0:0:1: [sdb] Write cache: enabled, read cache: enabled, doesn't support DPO or FUA
[    0.533604] EXT4-fs (sda): mounted filesystem 00000000-0000-0000-0000-000000000000 ro without journal. Quota mode: none.
[    0.541061] sd 0:0:0:1: [sdb] Attached SCSI disk
[    0.588527] Adding 4194304k swap on /dev/sdb.  Priority:-2 extents:1 across:4194304k 
[    0.814335] hv_netvsc fc232fd7-4443-4791-a539-deef713ec4d4 loopback0: renamed from eth0
[    1.361769] hv_pci bdb5dd30-7f16-4c96-ad08-7866b7ceb6a0: PCI VMBus probing: Using version 0x10004
[    1.363692] hv_pci bdb5dd30-7f16-4c96-ad08-7866b7ceb6a0: PCI host bridge to bus 7f16:00
[    1.364279] pci_bus 7f16:00: root bus resource [mem 0xc00000000-0xe00001fff window]
[    1.364826] pci_bus 7f16:00: No busn resource found for root bus, will use [bus 00-ff]
[    1.366839] pci 7f16:00:00.0: [1af4:105a] type 00 class 0x088000 conventional PCI endpoint
[    1.369621] pci 7f16:00:00.0: BAR 0 [mem 0xe00000000-0xe00000fff 64bit]
[    1.370401] pci 7f16:00:00.0: BAR 2 [mem 0xe00001000-0xe00001fff 64bit]
[    1.371211] pci 7f16:00:00.0: BAR 4 [mem 0xc00000000-0xdffffffff 64bit]
[    1.376858] pci_bus 7f16:00: busn_res: [bus 00-ff] end is updated to 00
[    1.377478] pci 7f16:00:00.0: BAR 4 [mem 0xc00000000-0xdffffffff 64bit]: assigned
[    1.378592] pci 7f16:00:00.0: BAR 0 [mem 0xe00000000-0xe00000fff 64bit]: assigned
[    1.379627] pci 7f16:00:00.0: BAR 2 [mem 0xe00001000-0xe00001fff 64bit]: assigned
[    1.383240] virtio-pci 7f16:00:00.0: enabling device (0000 -> 0002)
[    1.394927] virtiofs virtio1: discovered new tag: wslg
[    1.407217] virtiofs virtio1: Cache len: 0x200000000 @ 0xc00000000
[    1.557309] scsi 0:0:0:2: Direct-Access     Msft     Virtual Disk     1.0  PQ: 0 ANSI: 5
[    1.565444] sd 0:0:0:2: Attached scsi generic sg2 type 0
[    1.565606] sd 0:0:0:2: [sdc] 2147483648 512-byte logical blocks: (1.10 TB/1.00 TiB)
[    1.566620] sd 0:0:0:2: [sdc] 4096-byte physical blocks
[    1.567111] sd 0:0:0:2: [sdc] Write Protect is off
[    1.567455] sd 0:0:0:2: [sdc] Mode Sense: 0f 00 00 00
[    1.568023] sd 0:0:0:2: [sdc] Write cache: enabled, read cache: enabled, doesn't support DPO or FUA
[    1.569598] /dev/sdc: Can't open blockdev
[    1.615123] sd 0:0:0:2: [sdc] Attached SCSI disk
[    1.727037] EXT4-fs (sdc): mounted filesystem e975f6e8-098d-46b0-b85b-7dc2f303c98a r/w with ordered data mode. Quota mode: none.
[    2.132100] WSL (1 - init(Toybox-Minimal)) ERROR: ConfigApplyWindowsLibPath:2091: open /etc/ld.so.conf.d/ld.wsl.conf failed 2
[    2.134128] WSL (1 - init(Toybox-Minimal)) WARNING: /etc/resolv.conf updating disabled in /etc/wsl.conf
[    2.136233] WSL (1 - init(Toybox-Minimal)) WARNING: /etc/hosts updating disabled in /etc/wsl.conf
[    2.140792] WSL (1 - init(Toybox-Minimal)) WARNING: /usr/share/zoneinfo/Europe/London not found. Is the tzdata package installed?
[    2.143507] WSL (1 - init(Toybox-Minimal)) WARNING: /etc/resolv.conf updating disabled in /etc/wsl.conf
[    2.338923] WSL (1 - init(Toybox-Minimal)) WARNING: /etc/resolv.conf updating disabled in /etc/wsl.conf
[    2.359439] misc dxg: dxgk: dxgkio_is_feature_enabled: Ioctl failed: -22
