[    0.000000] Linux version 6.18.33.2-microsoft-standard-WSL2 (root@f1bbfb02316b) (gcc (GCC) 13.2.0, GNU ld (GNU Binutils) 2.41) #1 SMP PREEMPT_DYNAMIC Thu Jun 18 21:54:43 UTC 2026
[    0.000000] Command line: initrd=\initrd.img WSL_ROOT_INIT=1 panic=-1 nr_cpus=12 hv_utils.timesync_implicit=1 console=hvc0 debug pty.legacy_count=0 WSL_ENABLE_CRASH_DUMP=1
[    0.000000] KERNEL supported cpus:
[    0.000000] Intel GenuineIntel
[    0.000000] AMD AuthenticAMD
[    0.000000] BIOS-provided physical RAM map:
[    0.000000] BIOS-e820: [mem 0x0000000000000000-0x000000000009ffff] usable
[    0.000000] BIOS-e820: [mem 0x00000000000e0000-0x00000000000e0fff] reserved
[    0.000000] BIOS-e820: [mem 0x0000000000100000-0x00000000001fffff] ACPI data
[    0.000000] BIOS-e820: [mem 0x0000000000200000-0x00000000f7ffffff] usable
[    0.000000] BIOS-e820: [mem 0x0000000100000000-0x0000000207ffffff] usable
[    0.000000] NX (Execute Disable) protection: active
[    0.000000] APIC: Static calls initialized
[    0.000000] DMI not present or invalid.
[    0.000000] Hypervisor detected: Microsoft Hyper-V
[    0.000000] Hyper-V: privilege flags low 0xae7f, high 0x3b8030, ext 0x2, hints 0x900c2c, misc 0xe0bed7b6
[    0.000000] Hyper-V: Nested features: 0x4a0000
[    0.000000] Hyper-V: LAPIC Timer Frequency: 0xc3500
[    0.000000] Hyper-V: Using hypercall for remote TLB flush
[    0.000000] clocksource: hyperv_clocksource_tsc_page: mask: 0xffffffffffffffff max_cycles: 0x24e6a1710, max_idle_ns: 440795202120 ns
[    0.000000] clocksource: hyperv_clocksource_msr: mask: 0xffffffffffffffff max_cycles: 0x24e6a1710, max_idle_ns: 440795202120 ns
[    0.000000] tsc: Detected 2195.790 MHz processor
[    0.000068] e820: update [mem 0x00000000-0x00000fff] usable ==> reserved
[    0.000071] e820: remove [mem 0x000a0000-0x000fffff] usable
[    0.000074] last_pfn = 0x208000 max_arch_pfn = 0x400000000
[    0.000098] MTRR map: 5 entries (4 fixed + 1 variable; max 20), built from 8 variable MTRRs
[    0.000101] x86/PAT: Configuration [0-7]: WB  WC  UC- UC  WB  WP  UC- WT  
[    0.000162] last_pfn = 0xf8000 max_arch_pfn = 0x400000000
[    0.000176] Using GB pages for direct mapping
[    0.000415] RAMDISK: [mem 0x04beb000-0x04e9ffff]
[    0.000418] ACPI: Early table checksum verification disabled
[    0.000422] ACPI: RSDP 0x00000000000E0000 000024 (v02 VRTUAL)
[    0.000426] ACPI: XSDT 0x0000000000100000 000044 (v01 VRTUAL MICROSFT 00000001 MSFT 00000001)
[    0.000430] ACPI: FACP 0x0000000000101000 000114 (v06 VRTUAL MICROSFT 00000001 MSFT 00000001)
[    0.000434] ACPI: DSDT 0x00000000001011B8 01E11C (v02 MSFTVM DSDT01   00000001 INTL 20230628)
[    0.000437] ACPI: FACS 0x0000000000101114 000040
[    0.000438] ACPI: OEM0 0x0000000000101154 000064 (v01 VRTUAL MICROSFT 00000001 MSFT 00000001)
[    0.000441] ACPI: SRAT 0x000000000011F2D4 000370 (v02 VRTUAL MICROSFT 00000001 MSFT 00000001)
[    0.000443] ACPI: APIC 0x000000000011F644 0000A8 (v04 VRTUAL MICROSFT 00000001 MSFT 00000001)
[    0.000444] ACPI: Reserving FACP table memory at [mem 0x101000-0x101113]
[    0.000445] ACPI: Reserving DSDT table memory at [mem 0x1011b8-0x11f2d3]
[    0.000446] ACPI: Reserving FACS table memory at [mem 0x101114-0x101153]
[    0.000447] ACPI: Reserving OEM0 table memory at [mem 0x101154-0x1011b7]
[    0.000447] ACPI: Reserving SRAT table memory at [mem 0x11f2d4-0x11f643]
[    0.000448] ACPI: Reserving APIC table memory at [mem 0x11f644-0x11f6eb]
[    0.000482] ACPI: SRAT: Node 0 PXM 0 [mem 0x00000000-0xf7ffffff] hotplug
[    0.000484] ACPI: SRAT: Node 0 PXM 0 [mem 0x100000000-0x207ffffff] hotplug
[    0.000485] ACPI: SRAT: Node 0 PXM 0 [mem 0x208000000-0x9ffdfffff] hotplug
[    0.000486] ACPI: SRAT: Node 0 PXM 0 [mem 0x1000000000-0xfcffffffff] hotplug
[    0.000487] ACPI: SRAT: Node 0 PXM 0 [mem 0x10000000000-0x1ffffffffff] hotplug
[    0.000488] ACPI: SRAT: Node 0 PXM 0 [mem 0x20000000000-0x3ffffffffff] hotplug
[    0.000488] ACPI: SRAT: Node 0 PXM 0 [mem 0x40000000000-0x7ffffffffff] hotplug
[    0.000489] ACPI: SRAT: Node 0 PXM 0 [mem 0x80000000000-0xfffffffffff] hotplug
[    0.000490] ACPI: SRAT: Node 0 PXM 0 [mem 0x100000000000-0x1fffffffffff] hotplug
[    0.000491] ACPI: SRAT: Node 0 PXM 0 [mem 0x200000000000-0x3fffffffffff] hotplug
[    0.000491] ACPI: SRAT: Node 0 PXM 0 [mem 0x400000000000-0x7fffffffffff] hotplug
[    0.000492] ACPI: SRAT: Node 0 PXM 0 [mem 0x800000000000-0xffffffffffff] hotplug
[    0.000493] ACPI: SRAT: Node 0 PXM 0 [mem 0x1000000000000-0x1ffffffffffff] hotplug
[    0.000494] ACPI: SRAT: Node 0 PXM 0 [mem 0x2000000000000-0x3ffffffffffff] hotplug
[    0.000494] ACPI: SRAT: Node 0 PXM 0 [mem 0x4000000000000-0x7ffffffffffff] hotplug
[    0.000495] ACPI: SRAT: Node 0 PXM 0 [mem 0x8000000000000-0xfffffffffffff] hotplug
[    0.000498] NUMA: Node 0 [mem 0x00001000-0xf7ffffff] + [mem 0x100000000-0x207ffffff] -> [mem 0x00001000-0x207ffffff]
[    0.000505] NODE_DATA(0) allocated [mem 0x207fdd300-0x207ffefff]
[    0.000598] Zone ranges:
[    0.000600] DMA32    [mem 0x0000000000001000-0x00000000ffffffff]
[    0.000602] Normal   [mem 0x0000000100000000-0x0000000207ffffff]
[    0.000603] Device   empty
[    0.000604] Movable zone start for each node
[    0.000606] Early memory node ranges
[    0.000607] node   0: [mem 0x0000000000001000-0x000000000009ffff]
[    0.000608] node   0: [mem 0x0000000000200000-0x00000000f7ffffff]
[    0.000609] node   0: [mem 0x0000000100000000-0x0000000207ffffff]
[    0.000610] Initmem setup node 0 [mem 0x0000000000001000-0x0000000207ffffff]
[    0.000648] On node 0, zone DMA32: 1 pages in unavailable ranges
[    0.034476] On node 0, zone DMA32: 352 pages in unavailable ranges
[    0.035643] ACPI: PM-Timer IO Port: 0x408
[    0.035657] ACPI: LAPIC_NMI (acpi_id[0x01] dfl dfl lint[0x1])
[    0.036145] IOAPIC[0]: apic_id 12, version 17, address 0xfec00000, GSI 0-23
[    0.036153] ACPI: INT_SRC_OVR (bus 0 bus_irq 9 global_irq 9 high level)
[    0.036158] ACPI: Using ACPI (MADT) for SMP configuration information
[    0.036164] CPU topo: Max. logical packages:   1
[    0.036165] CPU topo: Max. logical dies:       1
[    0.036166] CPU topo: Max. dies per package:   1
[    0.036170] CPU topo: Max. threads per core:   2
[    0.036171] CPU topo: Num. cores per package:     6
[    0.036171] CPU topo: Num. threads per package:  12
[    0.036172] CPU topo: Allowing 12 present CPUs plus 0 hotplug CPUs
[    0.036190] random: crng init done
[    0.036196] PM: hibernation: Registered nosave memory: [mem 0x00000000-0x00000fff]
[    0.036198] PM: hibernation: Registered nosave memory: [mem 0x000a0000-0x001fffff]
[    0.036199] PM: hibernation: Registered nosave memory: [mem 0xf8000000-0xffffffff]
[    0.036200] [mem 0xf8000000-0xffffffff] available for PCI devices
[    0.036202] Booting paravirtualized kernel on Hyper-V
[    0.036205] clocksource: refined-jiffies: mask: 0xffffffff max_cycles: 0xffffffff, max_idle_ns: 7645519600211568 ns
[    0.036247] setup_percpu: NR_CPUS:8192 nr_cpumask_bits:12 nr_cpu_ids:12 nr_node_ids:1
[    0.038693] percpu: Embedded 61 pages/cpu s212992 r8192 d28672 u262144
[    0.038705] pcpu-alloc: s212992 r8192 d28672 u262144 alloc=1*2097152
[    0.038708] pcpu-alloc: [0] 00 01 02 03 04 05 06 07 [0] 08 09 10 11 -- -- -- -- 
[    0.038733] Hyper-V: PV spinlocks enabled
[    0.038736] PV qspinlock hash table entries: 256 (order: 0, 4096 bytes, linear)
[    0.038738] Kernel command line: initrd=\initrd.img WSL_ROOT_INIT=1 panic=-1 nr_cpus=12 hv_utils.timesync_implicit=1 console=hvc0 debug pty.legacy_count=0 WSL_ENABLE_CRASH_DUMP=1
[    0.038856] Unknown kernel command line parameters "WSL_ROOT_INIT=1 WSL_ENABLE_CRASH_DUMP=1", will be passed to user space.
[    0.038879] printk: log buffer data + meta data: 262144 + 917504 = 1179648 bytes
[    0.043264] Dentry cache hash table entries: 1048576 (order: 11, 8388608 bytes, linear)
[    0.045413] Inode-cache hash table entries: 524288 (order: 10, 4194304 bytes, linear)
[    0.045576] software IO TLB: area num 16.
[    0.089466] Fallback order for Node 0: 0 
[    0.089479] Built 1 zonelists, mobility grouping on.  Total pages: 2096799
[    0.089482] Policy zone: Normal
[    0.089500] mem auto-init: stack:off, heap alloc:on, heap free:off
[    0.103767] SLUB: HWalign=64, Order=0-3, MinObjects=0, CPUs=12, Nodes=1
[    0.114578] ftrace: allocating 59125 entries in 232 pages
[    0.114583] ftrace: allocated 232 pages with 4 groups
[    0.116135] Dynamic Preempt: none
[    0.116308] rcu: Preemptible hierarchical RCU implementation.
[    0.116309] rcu: 	RCU restricting CPUs from NR_CPUS=8192 to nr_cpu_ids=12.
[    0.116311] 	Trampoline variant of Tasks RCU enabled.
[    0.116312] 	Rude variant of Tasks RCU enabled.
[    0.116312] 	Tracing variant of Tasks RCU enabled.
[    0.116313] rcu: RCU calculated value of scheduler-enlistment delay is 25 jiffies.
[    0.116314] rcu: Adjusting geometry for rcu_fanout_leaf=16, nr_cpu_ids=12
[    0.116325] RCU Tasks: Setting shift to 4 and lim to 1 rcu_task_cb_adjust=1 rcu_task_cpu_ids=12.
[    0.116328] RCU Tasks Rude: Setting shift to 4 and lim to 1 rcu_task_cb_adjust=1 rcu_task_cpu_ids=12.
[    0.116329] RCU Tasks Trace: Setting shift to 4 and lim to 1 rcu_task_cb_adjust=1 rcu_task_cpu_ids=12.
[    0.120342] Using NULL legacy PIC
[    0.120344] NR_IRQS: 524544, nr_irqs: 520, preallocated irqs: 0
[    0.120407] rcu: srcu_init: Setting srcu_struct sizes based on contention.
[    0.121130] Console: colour dummy device 80x25
[    0.121152] ACPI: Core revision 20250807
[    0.121268] Failed to register legacy timer interrupt
[    0.121269] APIC: Switch to symmetric I/O mode setup
[    0.121279] Hyper-V: Host Build 10.0.26100.9168-9-0
[    0.121281] Hyper-V: enabling crash_kexec_post_notifiers
[    0.121338] Hyper-V: Using IPI hypercalls
[    0.121341] APIC: send_IPI() replaced with hv_send_ipi()
[    0.121348] APIC: send_IPI_mask() replaced with hv_send_ipi_mask()
[    0.121350] APIC: send_IPI_mask_allbutself() replaced with hv_send_ipi_mask_allbutself()
[    0.121352] APIC: send_IPI_allbutself() replaced with hv_send_ipi_allbutself()
[    0.121354] APIC: send_IPI_all() replaced with hv_send_ipi_all()
[    0.121356] APIC: send_IPI_self() replaced with hv_send_ipi_self()
[    0.121357] Hyper-V: Using enlightened APIC (xapic mode)
[    0.121365] APIC: eoi() replaced with hv_apic_eoi_write()
[    0.121390] APIC: read() replaced with hv_apic_read()
[    0.121409] APIC: write() replaced with hv_apic_write()
[    0.121411] APIC: icr_write() replaced with hv_apic_icr_write()
[    0.121413] APIC: icr_read() replaced with hv_apic_icr_read()
[    0.121577] clocksource: tsc-early: mask: 0xffffffffffffffff max_cycles: 0x1fa6a9a926d, max_idle_ns: 440795224317 ns
[    0.121583] Calibrating delay loop (skipped), value calculated using timer frequency.. 4391.58 BogoMIPS (lpj=8783160)
[    0.121663] x86/cpu: User Mode Instruction Prevention (UMIP) activated
[    0.121691] Last level iTLB entries: 4KB 1024, 2MB 1024, 4MB 512
[    0.121692] Last level dTLB entries: 4KB 2048, 2MB 2048, 4MB 1024, 1GB 0
[    0.121696] mitigations: Enabled attack vectors: user_kernel, user_user, guest_host, guest_guest, SMT mitigations: auto
[    0.121699] Speculative Store Bypass: Mitigation: Speculative Store Bypass disabled via prctl
[    0.121701] Speculative Return Stack Overflow: IBPB-extending microcode not applied!
[    0.121701] Speculative Return Stack Overflow: WARNING: See https://kernel.org/doc/html/latest/admin-guide/hw-vuln/srso.html for mitigation options.
[    0.121701] Spectre V2 : Mitigation: Retpolines
[    0.121702] RETBleed: Mitigation: untrained return thunk
[    0.121703] Spectre V2 : Selecting STIBP always-on mode to complement retbleed mitigation
[    0.121703] Spectre V2 : User space: Mitigation: STIBP always-on protection
[    0.121704] Speculative Return Stack Overflow: Vulnerable: Safe RET, no microcode
[    0.121704] Spectre V1 : Mitigation: usercopy/swapgs barriers and __user pointer sanitization
[    0.121705] Spectre V2 : Spectre v2 / SpectreRSB: Filling RSB on context switch and VMEXIT
[    0.121705] Spectre V2 : Enabling Speculation Barrier for firmware calls
[    0.121705] active return thunk: retbleed_return_thunk
[    0.121710] Spectre V2 : mitigation: Enabling conditional Indirect Branch Prediction Barrier
[    0.121711] active return thunk: srso_return_thunk
[    0.121724] x86/fpu: Supporting XSAVE feature 0x001: 'x87 floating point registers'
[    0.121725] x86/fpu: Supporting XSAVE feature 0x002: 'SSE registers'
[    0.121726] x86/fpu: Supporting XSAVE feature 0x004: 'AVX registers'
[    0.121726] x86/fpu: xstate_offset[2]:  576, xstate_sizes[2]:  256
[    0.121727] x86/fpu: Enabled xstate features 0x7, context size is 832 bytes, using 'compacted' format.
[    0.125581] Freeing SMP alternatives memory: 52K
[    0.125581] pid_max: default: 32768 minimum: 301
[    0.125581] LSM: initializing lsm=capability,landlock,yama,safesetid,selinux,ima
[    0.125581] landlock: Up and running.
[    0.125581] Yama: becoming mindful.
[    0.125581] SELinux:  Initializing.
[    0.125581] Mount-cache hash table entries: 16384 (order: 5, 131072 bytes, linear)
[    0.125581] Mountpoint-cache hash table entries: 16384 (order: 5, 131072 bytes, linear)
[    0.125581] smpboot: CPU0: AMD Ryzen 5 Microsoft Surface (R) Edition (family: 0x17, model: 0x60, stepping: 0x1)
[    0.125581] Performance Events: Fam17h+ core perfctr, AMD PMU driver.
[    0.125581] ... version:                   0
[    0.125581] ... bit width:                 48
[    0.125581] ... generic counters:          6
[    0.125581] ... generic bitmap:            000000000000003f
[    0.125581] ... fixed-purpose counters:    0
[    0.125581] ... fixed-purpose bitmap:      0000000000000000
[    0.125581] ... value mask:                0000ffffffffffff
[    0.125581] ... max period:                00007fffffffffff
[    0.125581] ... global_ctrl mask:          000000000000003f
[    0.125581] signal: max sigframe size: 1776
[    0.125581] rcu: Hierarchical SRCU implementation.
[    0.125581] rcu: 	Max phase no-delay instances is 1000.
[    0.125581] Timer migration: 2 hierarchy levels; 8 children per group; 2 crossnode level
[    0.131072] smp: Bringing up secondary CPUs ...
[    0.131330] smpboot: x86: Booting SMP configuration:
[    0.131332] .... node  #0, CPUs:        #2  #4  #6  #8 #10  #1  #3  #5  #7  #9 #11
[    0.138790] Spectre V2 : Update user space SMT mitigation: STIBP always-on
[    0.142055] smp: Brought up 1 node, 12 CPUs
[    0.142060] smpboot: Total of 12 processors activated (52698.96 BogoMIPS)
[    0.152803] node 0 deferred pages initialised in 12ms
[    0.153924] Memory: 8110636K/8387196K available (20176K kernel code, 3632K rwdata, 14820K rodata, 4852K init, 5648K bss, 267500K reserved, 0K cma-reserved)
[    0.154650] devtmpfs: initialized
[    0.154650] x86/mm: Memory block size: 128MB
[    0.157791] clocksource: jiffies: mask: 0xffffffff max_cycles: 0xffffffff, max_idle_ns: 7645041785100000 ns
[    0.157791] posixtimers hash table entries: 8192 (order: 5, 131072 bytes, linear)
[    0.157844] futex hash table entries: 4096 (262144 bytes on 1 NUMA nodes, total 256 KiB, linear).
[    0.157994] pinctrl core: initialized pinctrl subsystem
[    0.157994] NET: Registered PF_NETLINK/PF_ROUTE protocol family
[    0.158565] DMA: preallocated 1024 KiB GFP_KERNEL pool for atomic allocations
[    0.159111] DMA: preallocated 1024 KiB GFP_KERNEL|GFP_DMA32 pool for atomic allocations
[    0.159141] audit: initializing netlink subsys (disabled)
[    0.161671] audit: type=2000 audit(1787023679.040:1): state=initialized audit_enabled=0 res=1
[    0.161890] thermal_sys: Registered thermal governor 'step_wise'
[    0.161892] thermal_sys: Registered thermal governor 'user_space'
[    0.161925] cpuidle: using governor ladder
[    0.161925] cpuidle: using governor menu
[    0.161925] acpiphp: ACPI Hot Plug PCI Controller Driver version: 0.5
[    0.161925] dca service started, version 1.12.1
[    0.161925] PCI: Fatal: No config space access function found
[    0.162066] kprobes: kprobe jump-optimization is enabled. All kprobes are optimized if possible.
[    0.165712] HugeTLB: registered 1.00 GiB page size, pre-allocated 0 pages
[    0.165714] HugeTLB: 16380 KiB vmemmap can be freed for a 1.00 GiB page
[    0.165716] HugeTLB: registered 2.00 MiB page size, pre-allocated 0 pages
[    0.165717] HugeTLB: 28 KiB vmemmap can be freed for a 2.00 MiB page
[    0.170681] ACPI: Added _OSI(Module Device)
[    0.170684] ACPI: Added _OSI(Processor Device)
[    0.170686] ACPI: Added _OSI(Processor Aggregator Device)
[    0.184171] ACPI: 1 ACPI AML tables successfully acquired and loaded
[    0.189875] ACPI: Interpreter enabled
[    0.189887] ACPI: PM: (supports S0 S5)
[    0.189889] ACPI: Using IOAPIC for interrupt routing
[    0.189912] PCI: Using host bridge windows from ACPI; if necessary, use "pci=nocrs" and report a bug
[    0.189913] PCI: Using E820 reservations for host bridge windows
[    0.190149] ACPI: Enabled 2 GPEs in block 00 to 0F
[    0.192815] iommu: Default domain type: Translated
[    0.192815] iommu: DMA domain TLB invalidation policy: lazy mode
[    0.193850] SCSI subsystem initialized
[    0.193883] libata version 3.00 loaded.
[    0.193883] pps_core: LinuxPPS API ver. 1 registered
[    0.193883] pps_core: Software ver. 5.3.6 - Copyright 2005-2007 Rodolfo Giometti <giometti@linux.it>
[    0.193883] PTP clock support registered
[    0.193883] EDAC MC: Ver: 3.0.0
[    0.205773] hv_vmbus: Vmbus version:5.3
[    0.206424] hv_vmbus: Unknown GUID: 6e382d18-3336-4f4b-acc4-2b7703d4df4a
[    0.206465] hv_vmbus: Unknown GUID: dde9cbc0-5060-4436-9448-ea1254a5d177
[    0.206467] NetLabel: Initializing
[    0.206467] NetLabel:  domain hash size = 128
[    0.206467] NetLabel:  protocols = UNLABELED CIPSOv4 CALIPSO
[    0.206467] NetLabel:  unlabeled traffic allowed by default
[    0.206467] PCI: Using ACPI for IRQ routing
[    0.206467] PCI: System does not support PCI
[    0.206467] vgaarb: loaded
[    0.206533] clocksource: Switched to clocksource tsc-early
[    0.236066] VFS: Disk quotas dquot_6.6.0
[    0.236080] VFS: Dquot-cache hash table entries: 512 (order 0, 4096 bytes)
[    0.236761] netfs: FS-Cache loaded
[    0.236872] pnp: PnP ACPI init
[    0.237370] pnp: PnP ACPI: found 1 devices
[    0.250069] clocksource: acpi_pm: mask: 0xffffff max_cycles: 0xffffff, max_idle_ns: 2085701024 ns
[    0.250233] NET: Registered PF_INET protocol family
[    0.250802] IP idents hash table entries: 131072 (order: 8, 1048576 bytes, linear)
[    0.271665] tcp_listen_portaddr_hash hash table entries: 4096 (order: 4, 65536 bytes, linear)
[    0.271699] Table-perturb hash table entries: 65536 (order: 6, 262144 bytes, linear)
[    0.271745] TCP established hash table entries: 65536 (order: 7, 524288 bytes, linear)
[    0.272847] TCP bind hash table entries: 65536 (order: 9, 2097152 bytes, linear)
[    0.272958] TCP: Hash tables configured (established 65536 bind 65536)
[    0.273046] UDP hash table entries: 4096 (order: 6, 262144 bytes, linear)
[    0.273202] UDP-Lite hash table entries: 4096 (order: 6, 262144 bytes, linear)
[    0.273304] NET: Registered PF_UNIX/PF_LOCAL protocol family
[    0.273313] NET: Registered PF_XDP protocol family
[    0.273322] PCI: CLS 0 bytes, default 64
[    0.273375] PCI-DMA: Using software bounce buffering for IO (SWIOTLB)
[    0.273377] software IO TLB: mapped [mem 0x00000000f4000000-0x00000000f8000000] (64MB)
[    0.273580] Trying to unpack rootfs image as initramfs...
[    0.278017] Freeing initrd memory: 2772K
[    0.278467] clocksource: tsc: mask: 0xffffffffffffffff max_cycles: 0x1fa6a9a926d, max_idle_ns: 440795224317 ns
[    0.279417] clocksource: Switched to clocksource tsc
[    0.280275] Initialise system trusted keyrings
[    0.280285] Key type blacklist registered
[    0.280649] workingset: timestamp_bits=36 max_order=21 bucket_order=0
[    0.281105] squashfs: version 4.0 (2009/01/31) Phillip Lougher
[    0.281119] fuse: init (API version 7.45)
[    0.281306] SGI XFS with ACLs, security attributes, realtime, verbose warnings, quota, no debug enabled
[    0.281834] 9p: Installing v9fs 9p2000 file system support
[    0.284043] cryptd: max_cpu_qlen set to 1000
[    0.296294] Key type asymmetric registered
[    0.296299] Asymmetric key parser 'x509' registered
[    0.296354] Block layer SCSI generic (bsg) driver version 0.4 loaded (major 244)
[    0.296705] io scheduler mq-deadline registered
[    0.296710] io scheduler kyber registered
[    0.297874] hv_vmbus: registering driver hv_pci
[    0.298494] hv_pci c4b741f5-5582-4c98-8f8b-2e082933c396: PCI VMBus probing: Using version 0x10004
[    0.299643] hv_pci c4b741f5-5582-4c98-8f8b-2e082933c396: PCI host bridge to bus 5582:00
[    0.299646] pci_bus 5582:00: root bus resource [mem 0x9ffe00000-0x9ffe02fff window]
[    0.299649] pci_bus 5582:00: No busn resource found for root bus, will use [bus 00-ff]
[    0.300803] pci 5582:00:00.0: [1af4:1043] type 00 class 0x010000 conventional PCI endpoint
[    0.302935] pci 5582:00:00.0: BAR 0 [mem 0x9ffe00000-0x9ffe00fff 64bit]
[    0.303069] pci 5582:00:00.0: BAR 2 [mem 0x9ffe01000-0x9ffe01fff 64bit]
[    0.303200] pci 5582:00:00.0: BAR 4 [mem 0x9ffe02000-0x9ffe02fff 64bit]
[    0.307225] pci_bus 5582:00: busn_res: [bus 00-ff] end is updated to 00
[    0.307234] pci 5582:00:00.0: BAR 0 [mem 0x9ffe00000-0x9ffe00fff 64bit]: assigned
[    0.307685] pci 5582:00:00.0: BAR 2 [mem 0x9ffe01000-0x9ffe01fff 64bit]: assigned
[    0.308128] pci 5582:00:00.0: BAR 4 [mem 0x9ffe02000-0x9ffe02fff 64bit]: assigned
[    0.310604] hv_pci 7eed51a9-21aa-4598-8631-7c7db9bc3e8e: PCI VMBus probing: Using version 0x10004
[    0.311673] hv_pci 7eed51a9-21aa-4598-8631-7c7db9bc3e8e: PCI host bridge to bus 21aa:00
[    0.311678] pci_bus 21aa:00: No busn resource found for root bus, will use [bus 00-ff]
[    0.312235] pci 21aa:00:00.0: [1414:008e] type 00 class 0x030200 conventional PCI endpoint
[    0.316703] pci_bus 21aa:00: busn_res: [bus 00-ff] end is updated to 00
[    0.320642] ioatdma: Intel(R) QuickData Technology Driver 5.00
[    0.320870] virtio-pci 5582:00:00.0: enabling device (0000 -> 0002)
[    0.326218] Serial: 8250/16550 driver, 8 ports, IRQ sharing enabled
[    0.381827] Linux agpgart interface v0.103
[    0.381872] ACPI: bus type drm_connector registered
[    0.387331] printk: legacy console [hvc0] enabled
[    0.388952] brd: module loaded
[    0.392607] loop: module loaded
[    0.393243] Loading iSCSI transport class v2.0-870.
[    0.394052] rdac: device handler registered
[    0.394555] Microchip SmartPQI Driver (v2.1.34-035)
[    0.395080] VMware PVSCSI driver - version 1.0.7.0-k
[    0.395394] hv_vmbus: registering driver hv_storvsc
[    0.397562] scsi host0: storvsc_host_t
[    0.398042] PPP generic driver version 2.4.2
[    0.398752] VMware vmxnet3 virtual NIC driver - version 1.9.0.0-k-NAPI
[    0.399265] hv_vmbus: registering driver hv_netvsc
[    0.399835] Fusion MPT base driver 3.04.20
[    0.400048] Copyright (c) 1999-2008 LSI Corporation
[    0.400366] Fusion MPT SPI Host driver 3.04.20
[    0.400898] Fusion MPT SAS Host driver 3.04.20
[    0.401292] Fusion MPT misc device (ioctl) driver 3.04.20
[    0.401773] mptctl: Registered with Fusion MPT base driver
[    0.402136] mptctl: /dev/mptctl @ (major,minor=10,220)
[    0.402506] i8042: PNP: No PS/2 controller found.
[    0.402806] hv_vmbus: registering driver hyperv_keyboard
[    0.403162] rtc_cmos 00:00: RTC can wake from S4
[    0.406278] rtc_cmos 00:00: registered as rtc0
[    0.407171] scsi 0:0:0:0: Direct-Access     Msft     Virtual Disk     1.0  PQ: 0 ANSI: 5
[    0.407204] rtc_cmos 00:00: setting system clock to 2026-08-18T03:27:59 UTC (1787023679)
[    0.408523] rtc_cmos 00:00: alarms up to one month, 114 bytes nvram
[    0.408959] device-mapper: core: CONFIG_IMA_DISABLE_HTABLE is disabled. Duplicate IMA measurements will not be recorded in the IMA log.
[    0.409631] device-mapper: uevent: version 1.0.3
[    0.410089] device-mapper: ioctl: 4.50.0-ioctl (2025-04-28) initialised: dm-devel@lists.linux.dev
[    0.410750] amd_pstate: The CPPC feature is supported but currently disabled by the BIOS.
Please enable it if your BIOS has the CPPC option.
[    0.411573] amd_pstate: the _CPC object is not present in SBIOS or ACPI disabled
[    0.412206] hv_utils: Registering HyperV Utility Driver
[    0.412494] hv_vmbus: registering driver hv_utils
[    0.412907] hv_vmbus: registering driver hv_balloon
[    0.413435] hv_vmbus: registering driver dxgkrnl
[    0.413553] hv_utils: TimeSync IC version 4.0
[    0.414149] hv_balloon: Using Dynamic Memory protocol version 2.0
[    0.415257] Free page reporting enabled
[    0.415688] hv_balloon: Cold memory discard hint enabled with order 9
[    0.417616] drop_monitor: Initializing network drop monitor service
[    0.418066] sd 0:0:0:0: Attached scsi generic sg0 type 0
[    0.418307] sd 0:0:0:0: [sda] 730960 512-byte logical blocks: (374 MB/357 MiB)
[    0.419345] sd 0:0:0:0: [sda] Write Protect is on
[    0.419610] sd 0:0:0:0: [sda] Mode Sense: 0f 00 80 00
[    0.420171] sd 0:0:0:0: [sda] Write cache: disabled, read cache: enabled, doesn't support DPO or FUA
[    0.421523] NET: Registered PF_INET6 protocol family
[    0.422908] Segment Routing with IPv6
[    0.423248] In-situ OAM (IOAM) with IPv6
[    0.423503] NET: Registered PF_PACKET protocol family
[    0.424119] 9pnet: Installing 9P2000 support
[    0.424594] NET: Registered PF_VSOCK protocol family
[    0.424873] hv_vmbus: registering driver hv_sock
[    0.426728] IPI shorthand broadcast: enabled
[    0.431390] sched_clock: Marking stable (428008367, 559731)->(468046620, -39478522)
[    0.433073] registered taskstats version 1
[    0.433704] Loading compiled-in X.509 certificates
[    0.441313] Demotion targets for Node 0: null
[    0.442026] ima: No TPM chip found, activating TPM-bypass!
[    0.442435] ima: Allocated hash algorithm: sha256
[    0.442813] ima: No architecture policies found
[    0.443470] RAS: Correctable Errors collector initialized.
[    0.445388] sd 0:0:0:0: [sda] Attached SCSI disk
[    0.455971] clk: Disabling unused clocks
[    0.459028] Freeing unused decrypted memory: 2028K
[    0.460290] Freeing unused kernel image (initmem) memory: 4852K
[    0.460998] Write protecting the kernel read-only data: 36864k
[    0.462293] Freeing unused kernel image (text/rodata gap) memory: 300K
[    0.463275] Freeing unused kernel image (rodata/data gap) memory: 1564K
[    0.463558] Run /init as init process
[    0.463772] with arguments:
[    0.464049] /init
[    0.464189] with environment:
[    0.464423] HOME=/
[    0.464633] TERM=linux
[    0.464803] WSL_ROOT_INIT=1
[    0.465030] WSL_ENABLE_CRASH_DUMP=1
[    0.466134] WSL (1 - ): WSL version 2.7.11.0
[    0.509152] scsi 0:0:0:1: Direct-Access     Msft     Virtual Disk     1.0  PQ: 0 ANSI: 5
[    0.519605] sd 0:0:0:1: Attached scsi generic sg1 type 0
[    0.519766] sd 0:0:0:1: [sdb] 8388616 512-byte logical blocks: (4.29 GB/4.00 GiB)
[    0.520415] sd 0:0:0:1: [sdb] 4096-byte physical blocks
[    0.520741] sd 0:0:0:1: [sdb] Write Protect is off
[    0.521001] sd 0:0:0:1: [sdb] Mode Sense: 0f 00 00 00
[    0.521434] sd 0:0:0:1: [sdb] Write cache: enabled, read cache: enabled, doesn't support DPO or FUA
[    0.541022] sd 0:0:0:1: [sdb] Attached SCSI disk
[    0.541379] EXT4-fs (sda): mounted filesystem 00000000-0000-0000-0000-000000000000 ro without journal. Quota mode: none.
[    0.605454] Adding 4194304k swap on /dev/sdb.  Priority:-2 extents:1 across:4194304k 
[    0.760825] hv_netvsc fc232fd7-4443-4791-a539-deef713ec4d4 loopback0: renamed from eth0
[    1.319366] hv_pci 579d41cb-363c-467c-b18d-2ea6adabf091: PCI VMBus probing: Using version 0x10004
[    1.321233] hv_pci 579d41cb-363c-467c-b18d-2ea6adabf091: PCI host bridge to bus 363c:00
[    1.321661] pci_bus 363c:00: root bus resource [mem 0xc00000000-0xe00001fff window]
[    1.321980] pci_bus 363c:00: No busn resource found for root bus, will use [bus 00-ff]
[    1.323676] pci 363c:00:00.0: [1af4:105a] type 00 class 0x088000 conventional PCI endpoint
[    1.326463] pci 363c:00:00.0: BAR 0 [mem 0xe00000000-0xe00000fff 64bit]
[    1.327103] pci 363c:00:00.0: BAR 2 [mem 0xe00001000-0xe00001fff 64bit]
[    1.327838] pci 363c:00:00.0: BAR 4 [mem 0xc00000000-0xdffffffff 64bit]
[    1.333300] pci_bus 363c:00: busn_res: [bus 00-ff] end is updated to 00
[    1.334240] pci 363c:00:00.0: BAR 4 [mem 0xc00000000-0xdffffffff 64bit]: assigned
[    1.335597] pci 363c:00:00.0: BAR 0 [mem 0xe00000000-0xe00000fff 64bit]: assigned
[    1.336677] pci 363c:00:00.0: BAR 2 [mem 0xe00001000-0xe00001fff 64bit]: assigned
[    1.339296] virtio-pci 363c:00:00.0: enabling device (0000 -> 0002)
[    1.351874] virtiofs virtio1: discovered new tag: wslg
[    1.364450] virtiofs virtio1: Cache len: 0x200000000 @ 0xc00000000
[    1.525190] scsi 0:0:0:2: Direct-Access     Msft     Virtual Disk     1.0  PQ: 0 ANSI: 5
[    1.532814] sd 0:0:0:2: Attached scsi generic sg2 type 0
[    1.533120] sd 0:0:0:2: [sdc] 2147483648 512-byte logical blocks: (1.10 TB/1.00 TiB)
[    1.533718] sd 0:0:0:2: [sdc] 4096-byte physical blocks
[    1.534043] sd 0:0:0:2: [sdc] Write Protect is off
[    1.534286] sd 0:0:0:2: [sdc] Mode Sense: 0f 00 00 00
[    1.534736] sd 0:0:0:2: [sdc] Write cache: enabled, read cache: enabled, doesn't support DPO or FUA
[    1.570221] sd 0:0:0:2: [sdc] Attached SCSI disk
[    1.679079] EXT4-fs (sdc): mounted filesystem e975f6e8-098d-46b0-b85b-7dc2f303c98a r/w with ordered data mode. Quota mode: none.
[    2.126742] WSL (1 - init(Toybox-Minimal)) ERROR: ConfigApplyWindowsLibPath:2091: open /etc/ld.so.conf.d/ld.wsl.conf failed 2
[    2.128202] WSL (1 - init(Toybox-Minimal)) WARNING: /etc/resolv.conf updating disabled in /etc/wsl.conf
[    2.130071] WSL (1 - init(Toybox-Minimal)) WARNING: /etc/hosts updating disabled in /etc/wsl.conf
[    2.136782] WSL (1 - init(Toybox-Minimal)) WARNING: /usr/share/zoneinfo/Europe/London not found. Is the tzdata package installed?
[    2.139194] WSL (1 - init(Toybox-Minimal)) WARNING: /etc/resolv.conf updating disabled in /etc/wsl.conf
[    2.309057] WSL (1 - init(Toybox-Minimal)) WARNING: /etc/resolv.conf updating disabled in /etc/wsl.conf
